S = \Bigg( \sum_{i=1}^{n} \theta_i - (n-2)\pi \Bigg)r^2
S = \Bigg( \sum_{i=1}^{n} \theta_i - (n-2)\pi \Bigg)r^2
S = \Bigg( \sum_{i=1}^{n} \theta_i - (n-2)\pi \Bigg)r^2
S = \Bigg( \sum_{i=1}^{n} \theta_i - (n-2)\pi \Bigg)r^2
S = \Bigg( \sum_{i=1}^{n} \theta_i - (n-2)\pi \Bigg)r^2
S = \Bigg( \sum_{i=1}^{n} \theta_i - (n-2)\pi \Bigg)r^2
S = \Bigg( \sum_{i=1}^{n} \theta_i - (n-2)\pi \Bigg)r^2
S = \Bigg( \sum_{i=1}^{n} \theta_i - (n-2)\pi \Bigg)r^2
S = \Bigg( \sum_{i=1}^{n} \theta_i - (n-2)\pi \Bigg)r^2
S = \Bigg( \sum_{i=1}^{n} \theta_i - (n-2)\pi \Bigg)r^2
S = \Bigg( \sum_{i=1}^{n} \theta_i - (n-2)\pi \Bigg)r^2
S = \Bigg( \sum_{i=1}^{n} \theta_i - (n-2)\pi \Bigg)r^2
S = \Bigg( \sum_{i=1}^{n} \theta_i - (n-2)\pi \Bigg)r^2
S = \Bigg( \sum_{i=1}^{n} \theta_i - (n-2)\pi \Bigg)r^2
S = \Bigg( \sum_{i=1}^{n} \theta_i - (n-2)\pi \Bigg)r^2
S = \Bigg( \sum_{i=1}^{n} \theta_i - (n-2)\pi \Bigg)r^2
S = \Bigg( \sum_{i=1}^{n} \theta_i - (n-2)\pi \Bigg)r^2
S = \Bigg( \sum_{i=1}^{n} \theta_i - (n-2)\pi \Bigg)r^2
S = \Bigg( \sum_{i=1}^{n} \theta_i - (n-2)\pi \Bigg)r^2
\frac{b^2c^2 -4b^3d -4ac^3 +18abcd -27a^2d^2}{a^4}
\frac{b^2c^2 -4b^3d -4ac^3 +18abcd -27a^2d^2}{a^4}
\frac{b^2c^2 -4b^3d -4ac^3 +18abcd -27a^2d^2}{a^4}
\frac{b^2c^2 -4b^3d -4ac^3 +18abcd -27a^2d^2}{a^4}
\frac{b^2c^2 -4b^3d -4ac^3 +18abcd -27a^2d^2}{a^4}
\frac{b^2c^2 -4b^3d -4ac^3 +18abcd -27a^2d^2}{a^4}
\frac{b^2c^2 -4b^3d -4ac^3 +18abcd -27a^2d^2}{a^4}
\frac{b^2c^2 -4b^3d -4ac^3 +18abcd -27a^2d^2}{a^4}
\frac{b^2c^2 -4b^3d -4ac^3 +18abcd -27a^2d^2}{a^4}
\frac{b^2c^2 -4b^3d -4ac^3 +18abcd -27a^2d^2}{a^4}
\frac{b^2c^2 -4b^3d -4ac^3 +18abcd -27a^2d^2}{a^4}
\frac{b^2c^2 -4b^3d -4ac^3 +18abcd -27a^2d^2}{a^4}
\frac{b^2c^2 -4b^3d -4ac^3 +18abcd -27a^2d^2}{a^4}
\frac{b^2c^2 -4b^3d -4ac^3 +18abcd -27a^2d^2}{a^4}
\frac{b^2c^2 -4b^3d -4ac^3 +18abcd -27a^2d^2}{a^4}
\frac{b^2c^2 -4b^3d -4ac^3 +18abcd -27a^2d^2}{a^4}
\frac{b^2c^2 -4b^3d -4ac^3 +18abcd -27a^2d^2}{a^4}
\frac{b^2c^2 -4b^3d -4ac^3 +18abcd -27a^2d^2}{a^4}
\frac{b^2c^2 -4b^3d -4ac^3 +18abcd -27a^2d^2}{a^4}
y^4 + y + 1 = 0
y^4 + y + 1 = 0
y^4 + y + 1 = 0
y^4 + y + 1 = 0
y^4 + y + 1 = 0
y^4 + y + 1 = 0
y^4 + y + 1 = 0
y^4 + y + 1 = 0
y^4 + y + 1 = 0
y^4 + y + 1 = 0
y^4 + y + 1 = 0
y^4 + y + 1 = 0
y^4 + y + 1 = 0
y^4 + y + 1 = 0
y^4 + y + 1 = 0
y^4 + y + 1 = 0
y^4 + y + 1 = 0
y^4 + y + 1 = 0
a^2 + b^2 = (a+bi)(a-bi)
a^2 + b^2 = (a+bi)(a-bi)
a^2 + b^2 = (a+bi)(a-bi)
a^2 + b^2 = (a+bi)(a-bi)
a^2 + b^2 = (a+bi)(a-bi)
a^2 + b^2 = (a+bi)(a-bi)
a^2 + b^2 = (a+bi)(a-bi)
a^2 + b^2 = (a+bi)(a-bi)
a^2 + b^2 = (a+bi)(a-bi)
a^2 + b^2 = (a+bi)(a-bi)
a^2 + b^2 = (a+bi)(a-bi)
a^2 + b^2 = (a+bi)(a-bi)
a^2 + b^2 = (a+bi)(a-bi)
a^2 + b^2 = (a+bi)(a-bi)
a^2 + b^2 = (a+bi)(a-bi)
a^2 + b^2 = (a+bi)(a-bi)
a^2 + b^2 = (a+bi)(a-bi)
a^2 + b^2 = (a+bi)(a-bi)
a^xa^y = a^{x+y}
a^xa^y = a^{x+y}
a^xa^y = a^{x+y}
a^xa^y = a^{x+y}
a^xa^y = a^{x+y}
a^xa^y = a^{x+y}
a^xa^y = a^{x+y}
a^xa^y = a^{x+y}
a^xa^y = a^{x+y}
a^xa^y = a^{x+y}
a^xa^y = a^{x+y}
a^xa^y = a^{x+y}
a^xa^y = a^{x+y}
a^xa^y = a^{x+y}
a^xa^y = a^{x+y}
a^xa^y = a^{x+y}
a^xa^y = a^{x+y}
a^xa^y = a^{x+y}
a^xa^y = a^{x+y}
\sqrt[x]{\frac{a}{b}} = \frac{\sqrt[x]{a}}{\sqrt[x]{b}}
\sqrt[x]{\frac{a}{b}} = \frac{\sqrt[x]{a}}{\sqrt[x]{b}}
\sqrt[x]{\frac{a}{b}} = \frac{\sqrt[x]{a}}{\sqrt[x]{b}}
\sqrt[x]{\frac{a}{b}} = \frac{\sqrt[x]{a}}{\sqrt[x]{b}}
\sqrt[x]{\frac{a}{b}} = \frac{\sqrt[x]{a}}{\sqrt[x]{b}}
\sqrt[x]{\frac{a}{b}} = \frac{\sqrt[x]{a}}{\sqrt[x]{b}}
\sqrt[x]{\frac{a}{b}} = \frac{\sqrt[x]{a}}{\sqrt[x]{b}}
\sqrt[x]{\frac{a}{b}} = \frac{\sqrt[x]{a}}{\sqrt[x]{b}}
\sqrt[x]{\frac{a}{b}} = \frac{\sqrt[x]{a}}{\sqrt[x]{b}}
\sqrt[x]{\frac{a}{b}} = \frac{\sqrt[x]{a}}{\sqrt[x]{b}}
\sqrt[x]{\frac{a}{b}} = \frac{\sqrt[x]{a}}{\sqrt[x]{b}}
\sqrt[x]{\frac{a}{b}} = \frac{\sqrt[x]{a}}{\sqrt[x]{b}}
\sqrt[x]{\frac{a}{b}} = \frac{\sqrt[x]{a}}{\sqrt[x]{b}}
\sqrt[x]{\frac{a}{b}} = \frac{\sqrt[x]{a}}{\sqrt[x]{b}}
\sqrt[x]{\frac{a}{b}} = \frac{\sqrt[x]{a}}{\sqrt[x]{b}}
\sqrt[x]{\frac{a}{b}} = \frac{\sqrt[x]{a}}{\sqrt[x]{b}}
\sqrt[x]{\frac{a}{b}} = \frac{\sqrt[x]{a}}{\sqrt[x]{b}}
\frac{1}{\frac{1}{2}\Big( \frac{1}{a} + \frac{1}{b}\Big)} = \frac{2ab}{a+b}
\frac{1}{\frac{1}{2}\Big( \frac{1}{a} + \frac{1}{b}\Big)} = \frac{2ab}{a+b}
\frac{1}{\frac{1}{2}\Big( \frac{1}{a} + \frac{1}{b}\Big)} = \frac{2ab}{a+b}
\frac{1}{\frac{1}{2}\Big( \frac{1}{a} + \frac{1}{b}\Big)} = \frac{2ab}{a+b}
\frac{1}{\frac{1}{2}\Big( \frac{1}{a} + \frac{1}{b}\Big)} = \frac{2ab}{a+b}
\frac{1}{\frac{1}{2}\Big( \frac{1}{a} + \frac{1}{b}\Big)} = \frac{2ab}{a+b}
\frac{1}{\frac{1}{2}\Big( \frac{1}{a} + \frac{1}{b}\Big)} = \frac{2ab}{a+b}
\frac{1}{\frac{1}{2}\Big( \frac{1}{a} + \frac{1}{b}\Big)} = \frac{2ab}{a+b}
\frac{1}{\frac{1}{2}\Big( \frac{1}{a} + \frac{1}{b}\Big)} = \frac{2ab}{a+b}
\frac{1}{\frac{1}{2}\Big( \frac{1}{a} + \frac{1}{b}\Big)} = \frac{2ab}{a+b}
\frac{1}{\frac{1}{2}\Big( \frac{1}{a} + \frac{1}{b}\Big)} = \frac{2ab}{a+b}
\frac{1}{\frac{1}{2}\Big( \frac{1}{a} + \frac{1}{b}\Big)} = \frac{2ab}{a+b}
\frac{1}{\frac{1}{2}\Big( \frac{1}{a} + \frac{1}{b}\Big)} = \frac{2ab}{a+b}
\frac{1}{\frac{1}{2}\Big( \frac{1}{a} + \frac{1}{b}\Big)} = \frac{2ab}{a+b}
\frac{1}{\frac{1}{2}\Big( \frac{1}{a} + \frac{1}{b}\Big)} = \frac{2ab}{a+b}
\frac{1}{\frac{1}{2}\Big( \frac{1}{a} + \frac{1}{b}\Big)} = \frac{2ab}{a+b}
\frac{1}{\frac{1}{2}\Big( \frac{1}{a} + \frac{1}{b}\Big)} = \frac{2ab}{a+b}
\sqrt[n]{1} = \cos \frac{2k\pi}{n} + i \sin \frac{2k\pi}{n}
\sqrt[n]{1} = \cos \frac{2k\pi}{n} + i \sin \frac{2k\pi}{n}
\sqrt[n]{1} = \cos \frac{2k\pi}{n} + i \sin \frac{2k\pi}{n}
\sqrt[n]{1} = \cos \frac{2k\pi}{n} + i \sin \frac{2k\pi}{n}
\sqrt[n]{1} = \cos \frac{2k\pi}{n} + i \sin \frac{2k\pi}{n}
\sqrt[n]{1} = \cos \frac{2k\pi}{n} + i \sin \frac{2k\pi}{n}
\sqrt[n]{1} = \cos \frac{2k\pi}{n} + i \sin \frac{2k\pi}{n}
\sqrt[n]{1} = \cos \frac{2k\pi}{n} + i \sin \frac{2k\pi}{n}
\sqrt[n]{1} = \cos \frac{2k\pi}{n} + i \sin \frac{2k\pi}{n}
\sqrt[n]{1} = \cos \frac{2k\pi}{n} + i \sin \frac{2k\pi}{n}
\sqrt[n]{1} = \cos \frac{2k\pi}{n} + i \sin \frac{2k\pi}{n}
\sqrt[n]{1} = \cos \frac{2k\pi}{n} + i \sin \frac{2k\pi}{n}
\sqrt[n]{1} = \cos \frac{2k\pi}{n} + i \sin \frac{2k\pi}{n}
\sqrt[n]{1} = \cos \frac{2k\pi}{n} + i \sin \frac{2k\pi}{n}
\sqrt[n]{1} = \cos \frac{2k\pi}{n} + i \sin \frac{2k\pi}{n}
\sqrt[n]{1} = \cos \frac{2k\pi}{n} + i \sin \frac{2k\pi}{n}
\sqrt[n]{1} = \cos \frac{2k\pi}{n} + i \sin \frac{2k\pi}{n}
x = \frac{-b \pm \sqrt{b^2 -4ac}}{2a}
x = \frac{-b \pm \sqrt{b^2 -4ac}}{2a}
x = \frac{-b \pm \sqrt{b^2 -4ac}}{2a}
x = \frac{-b \pm \sqrt{b^2 -4ac}}{2a}
x = \frac{-b \pm \sqrt{b^2 -4ac}}{2a}
x = \frac{-b \pm \sqrt{b^2 -4ac}}{2a}
x = \frac{-b \pm \sqrt{b^2 -4ac}}{2a}
x = \frac{-b \pm \sqrt{b^2 -4ac}}{2a}
x = \frac{-b \pm \sqrt{b^2 -4ac}}{2a}
x = \frac{-b \pm \sqrt{b^2 -4ac}}{2a}
x = \frac{-b \pm \sqrt{b^2 -4ac}}{2a}
x = \frac{-b \pm \sqrt{b^2 -4ac}}{2a}
x = \frac{-b \pm \sqrt{b^2 -4ac}}{2a}
x = \frac{-b \pm \sqrt{b^2 -4ac}}{2a}
x = \frac{-b \pm \sqrt{b^2 -4ac}}{2a}
x = \frac{-b \pm \sqrt{b^2 -4ac}}{2a}
y^2 \pm \sqrt{u-p}\Bigg(y - \frac{q}{2(u-p)} \Bigg) + \frac{u}{2} = 0
y^2 \pm \sqrt{u-p}\Bigg(y - \frac{q}{2(u-p)} \Bigg) + \frac{u}{2} = 0
y^2 \pm \sqrt{u-p}\Bigg(y - \frac{q}{2(u-p)} \Bigg) + \frac{u}{2} = 0
y^2 \pm \sqrt{u-p}\Bigg(y - \frac{q}{2(u-p)} \Bigg) + \frac{u}{2} = 0
y^2 \pm \sqrt{u-p}\Bigg(y - \frac{q}{2(u-p)} \Bigg) + \frac{u}{2} = 0
y^2 \pm \sqrt{u-p}\Bigg(y - \frac{q}{2(u-p)} \Bigg) + \frac{u}{2} = 0
y^2 \pm \sqrt{u-p}\Bigg(y - \frac{q}{2(u-p)} \Bigg) + \frac{u}{2} = 0
y^2 \pm \sqrt{u-p}\Bigg(y - \frac{q}{2(u-p)} \Bigg) + \frac{u}{2} = 0
y^2 \pm \sqrt{u-p}\Bigg(y - \frac{q}{2(u-p)} \Bigg) + \frac{u}{2} = 0
y^2 \pm \sqrt{u-p}\Bigg(y - \frac{q}{2(u-p)} \Bigg) + \frac{u}{2} = 0
y^2 \pm \sqrt{u-p}\Bigg(y - \frac{q}{2(u-p)} \Bigg) + \frac{u}{2} = 0
y^2 \pm \sqrt{u-p}\Bigg(y - \frac{q}{2(u-p)} \Bigg) + \frac{u}{2} = 0
y^2 \pm \sqrt{u-p}\Bigg(y - \frac{q}{2(u-p)} \Bigg) + \frac{u}{2} = 0
y^2 \pm \sqrt{u-p}\Bigg(y - \frac{q}{2(u-p)} \Bigg) + \frac{u}{2} = 0
y^2 \pm \sqrt{u-p}\Bigg(y - \frac{q}{2(u-p)} \Bigg) + \frac{u}{2} = 0
P(x) = \sum_{i=0}^{n} a_j x^j
P(x) = \sum_{i=0}^{n} a_j x^j
P(x) = \sum_{i=0}^{n} a_j x^j
P(x) = \sum_{i=0}^{n} a_j x^j
P(x) = \sum_{i=0}^{n} a_j x^j
P(x) = \sum_{i=0}^{n} a_j x^j
P(x) = \sum_{i=0}^{n} a_j x^j
P(x) = \sum_{i=0}^{n} a_j x^j
P(x) = \sum_{i=0}^{n} a_j x^j
P(x) = \sum_{i=0}^{n} a_j x^j
P(x) = \sum_{i=0}^{n} a_j x^j
P(x) = \sum_{i=0}^{n} a_j x^j
P(x) = \sum_{i=0}^{n} a_j x^j
P(x) = \sum_{i=0}^{n} a_j x^j
P(x) = \sum_{i=0}^{n} a_j x^j
P(x) = \sum_{i=0}^{n} a_j x^j
P(x) = \sum_{i=0}^{n} a_j x^j
P(x) = \sum_{i=0}^{n} a_j x^j
\sum_{i=1}^k \frac{x^{a_i}}{1-x^{b_i}} = \frac{1}{1-x}
\sum_{i=1}^k \frac{x^{a_i}}{1-x^{b_i}} = \frac{1}{1-x}
\sum_{i=1}^k \frac{x^{a_i}}{1-x^{b_i}} = \frac{1}{1-x}
\sum_{i=1}^k \frac{x^{a_i}}{1-x^{b_i}} = \frac{1}{1-x}
\sum_{i=1}^k \frac{x^{a_i}}{1-x^{b_i}} = \frac{1}{1-x}
\sum_{i=1}^k \frac{x^{a_i}}{1-x^{b_i}} = \frac{1}{1-x}
\sum_{i=1}^k \frac{x^{a_i}}{1-x^{b_i}} = \frac{1}{1-x}
\sum_{i=1}^k \frac{x^{a_i}}{1-x^{b_i}} = \frac{1}{1-x}
\sum_{i=1}^k \frac{x^{a_i}}{1-x^{b_i}} = \frac{1}{1-x}
\sum_{i=1}^k \frac{x^{a_i}}{1-x^{b_i}} = \frac{1}{1-x}
\sum_{i=1}^k \frac{x^{a_i}}{1-x^{b_i}} = \frac{1}{1-x}
\sum_{i=1}^k \frac{x^{a_i}}{1-x^{b_i}} = \frac{1}{1-x}
\sum_{i=1}^k \frac{x^{a_i}}{1-x^{b_i}} = \frac{1}{1-x}
\sum_{i=1}^k \frac{x^{a_i}}{1-x^{b_i}} = \frac{1}{1-x}
\sum_{i=1}^k \frac{x^{a_i}}{1-x^{b_i}} = \frac{1}{1-x}
\sum_{i=1}^k \frac{x^{a_i}}{1-x^{b_i}} = \frac{1}{1-x}
\sum_{i=1}^k \frac{x^{a_i}}{1-x^{b_i}} = \frac{1}{1-x}
| x - \frac{p_n}{q_n} | \leq \frac{1}{q_nq_{n+1}} \lt  \frac{1}{q_n^2}
| x - \frac{p_n}{q_n} | \leq \frac{1}{q_nq_{n+1}} \lt  \frac{1}{q_n^2}
| x - \frac{p_n}{q_n} | \leq \frac{1}{q_nq_{n+1}} \lt  \frac{1}{q_n^2}
| x - \frac{p_n}{q_n} | \leq \frac{1}{q_nq_{n+1}} \lt  \frac{1}{q_n^2}
| x - \frac{p_n}{q_n} | \leq \frac{1}{q_nq_{n+1}} \lt  \frac{1}{q_n^2}
| x - \frac{p_n}{q_n} | \leq \frac{1}{q_nq_{n+1}} \lt  \frac{1}{q_n^2}
| x - \frac{p_n}{q_n} | \leq \frac{1}{q_nq_{n+1}} \lt  \frac{1}{q_n^2}
| x - \frac{p_n}{q_n} | \leq \frac{1}{q_nq_{n+1}} \lt  \frac{1}{q_n^2}
| x - \frac{p_n}{q_n} | \leq \frac{1}{q_nq_{n+1}} \lt  \frac{1}{q_n^2}
| x - \frac{p_n}{q_n} | \leq \frac{1}{q_nq_{n+1}} \lt  \frac{1}{q_n^2}
| x - \frac{p_n}{q_n} | \leq \frac{1}{q_nq_{n+1}} \lt  \frac{1}{q_n^2}
| x - \frac{p_n}{q_n} | \leq \frac{1}{q_nq_{n+1}} \lt  \frac{1}{q_n^2}
| x - \frac{p_n}{q_n} | \leq \frac{1}{q_nq_{n+1}} \lt  \frac{1}{q_n^2}
| x - \frac{p_n}{q_n} | \leq \frac{1}{q_nq_{n+1}} \lt  \frac{1}{q_n^2}
| x - \frac{p_n}{q_n} | \leq \frac{1}{q_nq_{n+1}} \lt  \frac{1}{q_n^2}
| x - \frac{p_n}{q_n} | \leq \frac{1}{q_nq_{n+1}} \lt  \frac{1}{q_n^2}
| x - \frac{p_n}{q_n} | \leq \frac{1}{q_nq_{n+1}} \lt  \frac{1}{q_n^2}
n! -1
n! -1
n! -1
n! -1
n! -1
n! -1
n! -1
n! -1
n! -1
n! -1
n! -1
n! -1
n! -1
n! -1
n! -1
n! -1
n! -1
1+2+\cdots+n = \frac{n(n+1)}{2}
1+2+\cdots+n = \frac{n(n+1)}{2}
1+2+\cdots+n = \frac{n(n+1)}{2}
1+2+\cdots+n = \frac{n(n+1)}{2}
1+2+\cdots+n = \frac{n(n+1)}{2}
1+2+\cdots+n = \frac{n(n+1)}{2}
1+2+\cdots+n = \frac{n(n+1)}{2}
1+2+\cdots+n = \frac{n(n+1)}{2}
1+2+\cdots+n = \frac{n(n+1)}{2}
1+2+\cdots+n = \frac{n(n+1)}{2}
1+2+\cdots+n = \frac{n(n+1)}{2}
1+2+\cdots+n = \frac{n(n+1)}{2}
1+2+\cdots+n = \frac{n(n+1)}{2}
1+2+\cdots+n = \frac{n(n+1)}{2}
1+2+\cdots+n = \frac{n(n+1)}{2}
\frac{1}{4}+\Bigg( \frac{1}{4} \Bigg)^2 + \Bigg( \frac{1}{4} \Bigg)^3+\cdots = \frac{1}{3}
\frac{1}{4}+\Bigg( \frac{1}{4} \Bigg)^2 + \Bigg( \frac{1}{4} \Bigg)^3+\cdots = \frac{1}{3}
\frac{1}{4}+\Bigg( \frac{1}{4} \Bigg)^2 + \Bigg( \frac{1}{4} \Bigg)^3+\cdots = \frac{1}{3}
\frac{1}{4}+\Bigg( \frac{1}{4} \Bigg)^2 + \Bigg( \frac{1}{4} \Bigg)^3+\cdots = \frac{1}{3}
\frac{1}{4}+\Bigg( \frac{1}{4} \Bigg)^2 + \Bigg( \frac{1}{4} \Bigg)^3+\cdots = \frac{1}{3}
\frac{1}{4}+\Bigg( \frac{1}{4} \Bigg)^2 + \Bigg( \frac{1}{4} \Bigg)^3+\cdots = \frac{1}{3}
\frac{1}{4}+\Bigg( \frac{1}{4} \Bigg)^2 + \Bigg( \frac{1}{4} \Bigg)^3+\cdots = \frac{1}{3}
\frac{1}{4}+\Bigg( \frac{1}{4} \Bigg)^2 + \Bigg( \frac{1}{4} \Bigg)^3+\cdots = \frac{1}{3}
\frac{1}{4}+\Bigg( \frac{1}{4} \Bigg)^2 + \Bigg( \frac{1}{4} \Bigg)^3+\cdots = \frac{1}{3}
\frac{1}{4}+\Bigg( \frac{1}{4} \Bigg)^2 + \Bigg( \frac{1}{4} \Bigg)^3+\cdots = \frac{1}{3}
\frac{1}{4}+\Bigg( \frac{1}{4} \Bigg)^2 + \Bigg( \frac{1}{4} \Bigg)^3+\cdots = \frac{1}{3}
\frac{1}{4}+\Bigg( \frac{1}{4} \Bigg)^2 + \Bigg( \frac{1}{4} \Bigg)^3+\cdots = \frac{1}{3}
\frac{1}{4}+\Bigg( \frac{1}{4} \Bigg)^2 + \Bigg( \frac{1}{4} \Bigg)^3+\cdots = \frac{1}{3}
\frac{1}{4}+\Bigg( \frac{1}{4} \Bigg)^2 + \Bigg( \frac{1}{4} \Bigg)^3+\cdots = \frac{1}{3}
\frac{1}{4}+\Bigg( \frac{1}{4} \Bigg)^2 + \Bigg( \frac{1}{4} \Bigg)^3+\cdots = \frac{1}{3}
\frac{1}{4}+\Bigg( \frac{1}{4} \Bigg)^2 + \Bigg( \frac{1}{4} \Bigg)^3+\cdots = \frac{1}{3}
\frac{1}{4}+\Bigg( \frac{1}{4} \Bigg)^2 + \Bigg( \frac{1}{4} \Bigg)^3+\cdots = \frac{1}{3}
f(x) = a_nx^n + a_{n-1}x^{n-1}+\cdots+a_1x + a_0
f(x) = a_nx^n + a_{n-1}x^{n-1}+\cdots+a_1x + a_0
f(x) = a_nx^n + a_{n-1}x^{n-1}+\cdots+a_1x + a_0
f(x) = a_nx^n + a_{n-1}x^{n-1}+\cdots+a_1x + a_0
f(x) = a_nx^n + a_{n-1}x^{n-1}+\cdots+a_1x + a_0
f(x) = a_nx^n + a_{n-1}x^{n-1}+\cdots+a_1x + a_0
f(x) = a_nx^n + a_{n-1}x^{n-1}+\cdots+a_1x + a_0
f(x) = a_nx^n + a_{n-1}x^{n-1}+\cdots+a_1x + a_0
f(x) = a_nx^n + a_{n-1}x^{n-1}+\cdots+a_1x + a_0
f(x) = a_nx^n + a_{n-1}x^{n-1}+\cdots+a_1x + a_0
f(x) = a_nx^n + a_{n-1}x^{n-1}+\cdots+a_1x + a_0
f(x) = a_nx^n + a_{n-1}x^{n-1}+\cdots+a_1x + a_0
f(x) = a_nx^n + a_{n-1}x^{n-1}+\cdots+a_1x + a_0
f(x) = a_nx^n + a_{n-1}x^{n-1}+\cdots+a_1x + a_0
f(x) = a_nx^n + a_{n-1}x^{n-1}+\cdots+a_1x + a_0
f(x) = a_nx^n + a_{n-1}x^{n-1}+\cdots+a_1x + a_0
x = r \cos \theta
x = r \cos \theta
x = r \cos \theta
x = r \cos \theta
x = r \cos \theta
x = r \cos \theta
x = r \cos \theta
x = r \cos \theta
x = r \cos \theta
x = r \cos \theta
x = r \cos \theta
x = r \cos \theta
x = r \cos \theta
x = r \cos \theta
x = r \cos \theta
x = r \cos \theta
x = r \cos \theta
x = r \cos \theta
\cos \theta = \frac{x}{\sqrt{x^2 + y^2}}
\cos \theta = \frac{x}{\sqrt{x^2 + y^2}}
\cos \theta = \frac{x}{\sqrt{x^2 + y^2}}
\cos \theta = \frac{x}{\sqrt{x^2 + y^2}}
\cos \theta = \frac{x}{\sqrt{x^2 + y^2}}
\cos \theta = \frac{x}{\sqrt{x^2 + y^2}}
\cos \theta = \frac{x}{\sqrt{x^2 + y^2}}
\cos \theta = \frac{x}{\sqrt{x^2 + y^2}}
\cos \theta = \frac{x}{\sqrt{x^2 + y^2}}
\cos \theta = \frac{x}{\sqrt{x^2 + y^2}}
\cos \theta = \frac{x}{\sqrt{x^2 + y^2}}
\cos \theta = \frac{x}{\sqrt{x^2 + y^2}}
\cos \theta = \frac{x}{\sqrt{x^2 + y^2}}
\cos \theta = \frac{x}{\sqrt{x^2 + y^2}}
\cos \theta = \frac{x}{\sqrt{x^2 + y^2}}
\cos \theta = \frac{x}{\sqrt{x^2 + y^2}}
\cos \theta = \frac{x}{\sqrt{x^2 + y^2}}
\left| $\frac{a x_0 + b y_0 + c}{\sqrt{a^2 + b^2}} \right|
\left| $\frac{a x_0 + b y_0 + c}{\sqrt{a^2 + b^2}} \right|
\left| $\frac{a x_0 + b y_0 + c}{\sqrt{a^2 + b^2}} \right|
\left| $\frac{a x_0 + b y_0 + c}{\sqrt{a^2 + b^2}} \right|
\left| $\frac{a x_0 + b y_0 + c}{\sqrt{a^2 + b^2}} \right|
\left| $\frac{a x_0 + b y_0 + c}{\sqrt{a^2 + b^2}} \right|
\left| $\frac{a x_0 + b y_0 + c}{\sqrt{a^2 + b^2}} \right|
\left| $\frac{a x_0 + b y_0 + c}{\sqrt{a^2 + b^2}} \right|
\left| $\frac{a x_0 + b y_0 + c}{\sqrt{a^2 + b^2}} \right|
\left| $\frac{a x_0 + b y_0 + c}{\sqrt{a^2 + b^2}} \right|
\left| $\frac{a x_0 + b y_0 + c}{\sqrt{a^2 + b^2}} \right|
\left| $\frac{a x_0 + b y_0 + c}{\sqrt{a^2 + b^2}} \right|
\left| $\frac{a x_0 + b y_0 + c}{\sqrt{a^2 + b^2}} \right|
\left| $\frac{a x_0 + b y_0 + c}{\sqrt{a^2 + b^2}} \right|
\left| $\frac{a x_0 + b y_0 + c}{\sqrt{a^2 + b^2}} \right|
\left| $\frac{a x_0 + b y_0 + c}{\sqrt{a^2 + b^2}} \right|
\left| $\frac{a x_0 + b y_0 + c}{\sqrt{a^2 + b^2}} \right|
\left| $\frac{a x_0 + b y_0 + c}{\sqrt{a^2 + b^2}} \right|
c^2 = a^2 + b^2 - 2ab \cos C
c^2 = a^2 + b^2 - 2ab \cos C
c^2 = a^2 + b^2 - 2ab \cos C
c^2 = a^2 + b^2 - 2ab \cos C
c^2 = a^2 + b^2 - 2ab \cos C
c^2 = a^2 + b^2 - 2ab \cos C
c^2 = a^2 + b^2 - 2ab \cos C
c^2 = a^2 + b^2 - 2ab \cos C
c^2 = a^2 + b^2 - 2ab \cos C
c^2 = a^2 + b^2 - 2ab \cos C
c^2 = a^2 + b^2 - 2ab \cos C
c^2 = a^2 + b^2 - 2ab \cos C
c^2 = a^2 + b^2 - 2ab \cos C
c^2 = a^2 + b^2 - 2ab \cos C
c^2 = a^2 + b^2 - 2ab \cos C
c^2 = a^2 + b^2 - 2ab \cos C
a = b \cos C + c \cos B
a = b \cos C + c \cos B
a = b \cos C + c \cos B
a = b \cos C + c \cos B
a = b \cos C + c \cos B
a = b \cos C + c \cos B
a = b \cos C + c \cos B
a = b \cos C + c \cos B
a = b \cos C + c \cos B
a = b \cos C + c \cos B
a = b \cos C + c \cos B
a = b \cos C + c \cos B
a = b \cos C + c \cos B
a = b \cos C + c \cos B
a = b \cos C + c \cos B
a = b \cos C + c \cos B
a = b \cos C + c \cos B
p = \sqrt{a^2 + b^2 - 2ab \cos A}
p = \sqrt{a^2 + b^2 - 2ab \cos A}
p = \sqrt{a^2 + b^2 - 2ab \cos A}
p = \sqrt{a^2 + b^2 - 2ab \cos A}
p = \sqrt{a^2 + b^2 - 2ab \cos A}
p = \sqrt{a^2 + b^2 - 2ab \cos A}
p = \sqrt{a^2 + b^2 - 2ab \cos A}
p = \sqrt{a^2 + b^2 - 2ab \cos A}
p = \sqrt{a^2 + b^2 - 2ab \cos A}
p = \sqrt{a^2 + b^2 - 2ab \cos A}
p = \sqrt{a^2 + b^2 - 2ab \cos A}
p = \sqrt{a^2 + b^2 - 2ab \cos A}
p = \sqrt{a^2 + b^2 - 2ab \cos A}
p = \sqrt{a^2 + b^2 - 2ab \cos A}
p = \sqrt{a^2 + b^2 - 2ab \cos A}
p = \sqrt{a^2 + b^2 - 2ab \cos A}
p = \sqrt{a^2 + b^2 - 2ab \cos A}
p = \sqrt{a^2 + b^2 - 2ab \cos A}
p = \sqrt{a^2 + b^2 - 2ab \cos A}
p = \sqrt{a^2 + b^2 - 2ab \cos A}
p = \sqrt{a^2 + b^2 - 2ab \cos A}
p = \sqrt{a^2 + b^2 - 2ab \cos A}
\frac{1}{r^2} = \frac{1}{(R - m)^2} + \frac{1}{(R + m)^2}
\frac{1}{r^2} = \frac{1}{(R - m)^2} + \frac{1}{(R + m)^2}
\frac{1}{r^2} = \frac{1}{(R - m)^2} + \frac{1}{(R + m)^2}
\frac{1}{r^2} = \frac{1}{(R - m)^2} + \frac{1}{(R + m)^2}
\frac{1}{r^2} = \frac{1}{(R - m)^2} + \frac{1}{(R + m)^2}
\frac{1}{r^2} = \frac{1}{(R - m)^2} + \frac{1}{(R + m)^2}
\frac{1}{r^2} = \frac{1}{(R - m)^2} + \frac{1}{(R + m)^2}
\frac{1}{r^2} = \frac{1}{(R - m)^2} + \frac{1}{(R + m)^2}
\frac{1}{r^2} = \frac{1}{(R - m)^2} + \frac{1}{(R + m)^2}
\frac{1}{r^2} = \frac{1}{(R - m)^2} + \frac{1}{(R + m)^2}
\frac{1}{r^2} = \frac{1}{(R - m)^2} + \frac{1}{(R + m)^2}
\frac{1}{r^2} = \frac{1}{(R - m)^2} + \frac{1}{(R + m)^2}
\frac{1}{r^2} = \frac{1}{(R - m)^2} + \frac{1}{(R + m)^2}
\frac{1}{r^2} = \frac{1}{(R - m)^2} + \frac{1}{(R + m)^2}
\frac{1}{r^2} = \frac{1}{(R - m)^2} + \frac{1}{(R + m)^2}
\frac{1}{r^2} = \frac{1}{(R - m)^2} + \frac{1}{(R + m)^2}
A_{2k} = \frac{2RA_k}{2R + \sqrt{4R^2 + A^2_k}}
A_{2k} = \frac{2RA_k}{2R + \sqrt{4R^2 + A^2_k}}
A_{2k} = \frac{2RA_k}{2R + \sqrt{4R^2 + A^2_k}}
A_{2k} = \frac{2RA_k}{2R + \sqrt{4R^2 + A^2_k}}
A_{2k} = \frac{2RA_k}{2R + \sqrt{4R^2 + A^2_k}}
A_{2k} = \frac{2RA_k}{2R + \sqrt{4R^2 + A^2_k}}
A_{2k} = \frac{2RA_k}{2R + \sqrt{4R^2 + A^2_k}}
A_{2k} = \frac{2RA_k}{2R + \sqrt{4R^2 + A^2_k}}
A_{2k} = \frac{2RA_k}{2R + \sqrt{4R^2 + A^2_k}}
A_{2k} = \frac{2RA_k}{2R + \sqrt{4R^2 + A^2_k}}
A_{2k} = \frac{2RA_k}{2R + \sqrt{4R^2 + A^2_k}}
A_{2k} = \frac{2RA_k}{2R + \sqrt{4R^2 + A^2_k}}
A_{2k} = \frac{2RA_k}{2R + \sqrt{4R^2 + A^2_k}}
A_{2k} = \frac{2RA_k}{2R + \sqrt{4R^2 + A^2_k}}
A_{2k} = \frac{2RA_k}{2R + \sqrt{4R^2 + A^2_k}}
A_{2k} = \frac{2RA_k}{2R + \sqrt{4R^2 + A^2_k}}
A_{2k} = \frac{2RA_k}{2R + \sqrt{4R^2 + A^2_k}}
A_{2k} = \frac{2RA_k}{2R + \sqrt{4R^2 + A^2_k}}
A_{2k} = \frac{2RA_k}{2R + \sqrt{4R^2 + A^2_k}}
A_{2k} = \frac{2RA_k}{2R + \sqrt{4R^2 + A^2_k}}
q = \sqrt{(\frac{B-A}{C})^2 + 1} + \frac{B-A}{C}
q = \sqrt{(\frac{B-A}{C})^2 + 1} + \frac{B-A}{C}
q = \sqrt{(\frac{B-A}{C})^2 + 1} + \frac{B-A}{C}
q = \sqrt{(\frac{B-A}{C})^2 + 1} + \frac{B-A}{C}
q = \sqrt{(\frac{B-A}{C})^2 + 1} + \frac{B-A}{C}
q = \sqrt{(\frac{B-A}{C})^2 + 1} + \frac{B-A}{C}
q = \sqrt{(\frac{B-A}{C})^2 + 1} + \frac{B-A}{C}
q = \sqrt{(\frac{B-A}{C})^2 + 1} + \frac{B-A}{C}
q = \sqrt{(\frac{B-A}{C})^2 + 1} + \frac{B-A}{C}
q = \sqrt{(\frac{B-A}{C})^2 + 1} + \frac{B-A}{C}
q = \sqrt{(\frac{B-A}{C})^2 + 1} + \frac{B-A}{C}
q = \sqrt{(\frac{B-A}{C})^2 + 1} + \frac{B-A}{C}
q = \sqrt{(\frac{B-A}{C})^2 + 1} + \frac{B-A}{C}
q = \sqrt{(\frac{B-A}{C})^2 + 1} + \frac{B-A}{C}
q = \sqrt{(\frac{B-A}{C})^2 + 1} + \frac{B-A}{C}
q = \sqrt{(\frac{B-A}{C})^2 + 1} + \frac{B-A}{C}
q = \sqrt{(\frac{B-A}{C})^2 + 1} + \frac{B-A}{C}
q = \sqrt{(\frac{B-A}{C})^2 + 1} + \frac{B-A}{C}
\Bigg(a\frac{1-t^2}{1+t^2},\frac{2bt}{1+t^2}\Bigg)
\Bigg(a\frac{1-t^2}{1+t^2},\frac{2bt}{1+t^2}\Bigg)
\Bigg(a\frac{1-t^2}{1+t^2},\frac{2bt}{1+t^2}\Bigg)
\Bigg(a\frac{1-t^2}{1+t^2},\frac{2bt}{1+t^2}\Bigg)
\Bigg(a\frac{1-t^2}{1+t^2},\frac{2bt}{1+t^2}\Bigg)
\Bigg(a\frac{1-t^2}{1+t^2},\frac{2bt}{1+t^2}\Bigg)
\Bigg(a\frac{1-t^2}{1+t^2},\frac{2bt}{1+t^2}\Bigg)
\Bigg(a\frac{1-t^2}{1+t^2},\frac{2bt}{1+t^2}\Bigg)
\Bigg(a\frac{1-t^2}{1+t^2},\frac{2bt}{1+t^2}\Bigg)
\Bigg(a\frac{1-t^2}{1+t^2},\frac{2bt}{1+t^2}\Bigg)
\Bigg(a\frac{1-t^2}{1+t^2},\frac{2bt}{1+t^2}\Bigg)
\Bigg(a\frac{1-t^2}{1+t^2},\frac{2bt}{1+t^2}\Bigg)
\Bigg(a\frac{1-t^2}{1+t^2},\frac{2bt}{1+t^2}\Bigg)
\Bigg(a\frac{1-t^2}{1+t^2},\frac{2bt}{1+t^2}\Bigg)
\Bigg(a\frac{1-t^2}{1+t^2},\frac{2bt}{1+t^2}\Bigg)
\Bigg(a\frac{1-t^2}{1+t^2},\frac{2bt}{1+t^2}\Bigg)
x^\prime = x \cos \theta + y \sin \theta
x^\prime = x \cos \theta + y \sin \theta
x^\prime = x \cos \theta + y \sin \theta
x^\prime = x \cos \theta + y \sin \theta
x^\prime = x \cos \theta + y \sin \theta
x^\prime = x \cos \theta + y \sin \theta
x^\prime = x \cos \theta + y \sin \theta
x^\prime = x \cos \theta + y \sin \theta
x^\prime = x \cos \theta + y \sin \theta
x^\prime = x \cos \theta + y \sin \theta
x^\prime = x \cos \theta + y \sin \theta
x^\prime = x \cos \theta + y \sin \theta
x^\prime = x \cos \theta + y \sin \theta
x^\prime = x \cos \theta + y \sin \theta
x^\prime = x \cos \theta + y \sin \theta
x^\prime = x \cos \theta + y \sin \theta
x^\prime = x \cos \theta + y \sin \theta
x^\prime = x \cos \theta + y \sin \theta
x^\prime = x \cos \theta + y \sin \theta
y = r \sin \theta
y = r \sin \theta
y = r \sin \theta
y = r \sin \theta
y = r \sin \theta
y = r \sin \theta
y = r \sin \theta
y = r \sin \theta
y = r \sin \theta
y = r \sin \theta
y = r \sin \theta
y = r \sin \theta
y = r \sin \theta
y = r \sin \theta
y = r \sin \theta
y = r \sin \theta
y = r \sin \theta
y = r \sin \theta
\sin \theta = \frac{y}{\sqrt{x^2 + y^2}}
\sin \theta = \frac{y}{\sqrt{x^2 + y^2}}
\sin \theta = \frac{y}{\sqrt{x^2 + y^2}}
\sin \theta = \frac{y}{\sqrt{x^2 + y^2}}
\sin \theta = \frac{y}{\sqrt{x^2 + y^2}}
\sin \theta = \frac{y}{\sqrt{x^2 + y^2}}
\sin \theta = \frac{y}{\sqrt{x^2 + y^2}}
\sin \theta = \frac{y}{\sqrt{x^2 + y^2}}
\sin \theta = \frac{y}{\sqrt{x^2 + y^2}}
\sin \theta = \frac{y}{\sqrt{x^2 + y^2}}
\sin \theta = \frac{y}{\sqrt{x^2 + y^2}}
\sin \theta = \frac{y}{\sqrt{x^2 + y^2}}
\sin \theta = \frac{y}{\sqrt{x^2 + y^2}}
\sin \theta = \frac{y}{\sqrt{x^2 + y^2}}
\sin \theta = \frac{y}{\sqrt{x^2 + y^2}}
\sin \theta = \frac{y}{\sqrt{x^2 + y^2}}
y = \frac{x\prime\sin\theta+y\prime\sin(w\prime+\theta)}{\sin w}
y = \frac{x\prime\sin\theta+y\prime\sin(w\prime+\theta)}{\sin w}
y = \frac{x\prime\sin\theta+y\prime\sin(w\prime+\theta)}{\sin w}
y = \frac{x\prime\sin\theta+y\prime\sin(w\prime+\theta)}{\sin w}
y = \frac{x\prime\sin\theta+y\prime\sin(w\prime+\theta)}{\sin w}
y = \frac{x\prime\sin\theta+y\prime\sin(w\prime+\theta)}{\sin w}
y = \frac{x\prime\sin\theta+y\prime\sin(w\prime+\theta)}{\sin w}
y = \frac{x\prime\sin\theta+y\prime\sin(w\prime+\theta)}{\sin w}
y = \frac{x\prime\sin\theta+y\prime\sin(w\prime+\theta)}{\sin w}
y = \frac{x\prime\sin\theta+y\prime\sin(w\prime+\theta)}{\sin w}
y = \frac{x\prime\sin\theta+y\prime\sin(w\prime+\theta)}{\sin w}
y = \frac{x\prime\sin\theta+y\prime\sin(w\prime+\theta)}{\sin w}
y = \frac{x\prime\sin\theta+y\prime\sin(w\prime+\theta)}{\sin w}
y = \frac{x\prime\sin\theta+y\prime\sin(w\prime+\theta)}{\sin w}
y = \frac{x\prime\sin\theta+y\prime\sin(w\prime+\theta)}{\sin w}
r(r_0 \sin(\theta - \theta_0)- r_1 \sin (\theta - \theta_1) ) = r_0 r_1 \sin (\theta_1 - \theta_0)
r(r_0 \sin(\theta - \theta_0)- r_1 \sin (\theta - \theta_1) ) = r_0 r_1 \sin (\theta_1 - \theta_0)
r(r_0 \sin(\theta - \theta_0)- r_1 \sin (\theta - \theta_1) ) = r_0 r_1 \sin (\theta_1 - \theta_0)
r(r_0 \sin(\theta - \theta_0)- r_1 \sin (\theta - \theta_1) ) = r_0 r_1 \sin (\theta_1 - \theta_0)
r(r_0 \sin(\theta - \theta_0)- r_1 \sin (\theta - \theta_1) ) = r_0 r_1 \sin (\theta_1 - \theta_0)
r(r_0 \sin(\theta - \theta_0)- r_1 \sin (\theta - \theta_1) ) = r_0 r_1 \sin (\theta_1 - \theta_0)
r(r_0 \sin(\theta - \theta_0)- r_1 \sin (\theta - \theta_1) ) = r_0 r_1 \sin (\theta_1 - \theta_0)
r(r_0 \sin(\theta - \theta_0)- r_1 \sin (\theta - \theta_1) ) = r_0 r_1 \sin (\theta_1 - \theta_0)
r(r_0 \sin(\theta - \theta_0)- r_1 \sin (\theta - \theta_1) ) = r_0 r_1 \sin (\theta_1 - \theta_0)
r(r_0 \sin(\theta - \theta_0)- r_1 \sin (\theta - \theta_1) ) = r_0 r_1 \sin (\theta_1 - \theta_0)
r(r_0 \sin(\theta - \theta_0)- r_1 \sin (\theta - \theta_1) ) = r_0 r_1 \sin (\theta_1 - \theta_0)
r(r_0 \sin(\theta - \theta_0)- r_1 \sin (\theta - \theta_1) ) = r_0 r_1 \sin (\theta_1 - \theta_0)
r(r_0 \sin(\theta - \theta_0)- r_1 \sin (\theta - \theta_1) ) = r_0 r_1 \sin (\theta_1 - \theta_0)
r(r_0 \sin(\theta - \theta_0)- r_1 \sin (\theta - \theta_1) ) = r_0 r_1 \sin (\theta_1 - \theta_0)
r(r_0 \sin(\theta - \theta_0)- r_1 \sin (\theta - \theta_1) ) = r_0 r_1 \sin (\theta_1 - \theta_0)
\frac{a}{\sin A} = \frac{b}{\sin B} = \frac{c}{\sin C}
\frac{a}{\sin A} = \frac{b}{\sin B} = \frac{c}{\sin C}
\frac{a}{\sin A} = \frac{b}{\sin B} = \frac{c}{\sin C}
\frac{a}{\sin A} = \frac{b}{\sin B} = \frac{c}{\sin C}
\frac{a}{\sin A} = \frac{b}{\sin B} = \frac{c}{\sin C}
\frac{a}{\sin A} = \frac{b}{\sin B} = \frac{c}{\sin C}
\frac{a}{\sin A} = \frac{b}{\sin B} = \frac{c}{\sin C}
\frac{a}{\sin A} = \frac{b}{\sin B} = \frac{c}{\sin C}
\frac{a}{\sin A} = \frac{b}{\sin B} = \frac{c}{\sin C}
\frac{a}{\sin A} = \frac{b}{\sin B} = \frac{c}{\sin C}
\frac{a}{\sin A} = \frac{b}{\sin B} = \frac{c}{\sin C}
\frac{a}{\sin A} = \frac{b}{\sin B} = \frac{c}{\sin C}
\frac{a}{\sin A} = \frac{b}{\sin B} = \frac{c}{\sin C}
\frac{a}{\sin A} = \frac{b}{\sin B} = \frac{c}{\sin C}
\frac{a}{\sin A} = \frac{b}{\sin B} = \frac{c}{\sin C}
\frac{a}{\sin A} = \frac{b}{\sin B} = \frac{c}{\sin C}
\frac{a}{\sin A} = \frac{b}{\sin B} = \frac{c}{\sin C}
\frac{a}{\sin A} = \frac{b}{\sin B} = \frac{c}{\sin C}
b= c \sin B = c \cos A
b= c \sin B = c \cos A
b= c \sin B = c \cos A
b= c \sin B = c \cos A
b= c \sin B = c \cos A
b= c \sin B = c \cos A
b= c \sin B = c \cos A
b= c \sin B = c \cos A
b= c \sin B = c \cos A
b= c \sin B = c \cos A
b= c \sin B = c \cos A
b= c \sin B = c \cos A
b= c \sin B = c \cos A
b= c \sin B = c \cos A
b= c \sin B = c \cos A
y = a S(t) = a \int_0^{t} \sin(\frac{1}{2}\pi s^2) ds
y = a S(t) = a \int_0^{t} \sin(\frac{1}{2}\pi s^2) ds
y = a S(t) = a \int_0^{t} \sin(\frac{1}{2}\pi s^2) ds
y = a S(t) = a \int_0^{t} \sin(\frac{1}{2}\pi s^2) ds
y = a S(t) = a \int_0^{t} \sin(\frac{1}{2}\pi s^2) ds
y = a S(t) = a \int_0^{t} \sin(\frac{1}{2}\pi s^2) ds
y = a S(t) = a \int_0^{t} \sin(\frac{1}{2}\pi s^2) ds
y = a S(t) = a \int_0^{t} \sin(\frac{1}{2}\pi s^2) ds
y = a S(t) = a \int_0^{t} \sin(\frac{1}{2}\pi s^2) ds
y = a S(t) = a \int_0^{t} \sin(\frac{1}{2}\pi s^2) ds
y = a S(t) = a \int_0^{t} \sin(\frac{1}{2}\pi s^2) ds
y = a S(t) = a \int_0^{t} \sin(\frac{1}{2}\pi s^2) ds
y = a S(t) = a \int_0^{t} \sin(\frac{1}{2}\pi s^2) ds
y = a S(t) = a \int_0^{t} \sin(\frac{1}{2}\pi s^2) ds
y = a S(t) = a \int_0^{t} \sin(\frac{1}{2}\pi s^2) ds
\cos \alpha = \frac{a}{\sqrt{a^2 + b^2 + c^2}}
\cos \alpha = \frac{a}{\sqrt{a^2 + b^2 + c^2}}
\cos \alpha = \frac{a}{\sqrt{a^2 + b^2 + c^2}}
\cos \alpha = \frac{a}{\sqrt{a^2 + b^2 + c^2}}
\cos \alpha = \frac{a}{\sqrt{a^2 + b^2 + c^2}}
\cos \alpha = \frac{a}{\sqrt{a^2 + b^2 + c^2}}
\cos \alpha = \frac{a}{\sqrt{a^2 + b^2 + c^2}}
\cos \alpha = \frac{a}{\sqrt{a^2 + b^2 + c^2}}
\cos \alpha = \frac{a}{\sqrt{a^2 + b^2 + c^2}}
\cos \alpha = \frac{a}{\sqrt{a^2 + b^2 + c^2}}
\cos \alpha = \frac{a}{\sqrt{a^2 + b^2 + c^2}}
\cos \alpha = \frac{a}{\sqrt{a^2 + b^2 + c^2}}
\cos \alpha = \frac{a}{\sqrt{a^2 + b^2 + c^2}}
\cos \alpha = \frac{a}{\sqrt{a^2 + b^2 + c^2}}
\cos \alpha = \frac{a}{\sqrt{a^2 + b^2 + c^2}}
\cos \alpha = \frac{a}{\sqrt{a^2 + b^2 + c^2}}
\cos \alpha = \frac{a}{\sqrt{a^2 + b^2 + c^2}}
\cos \alpha = \frac{a}{\sqrt{a^2 + b^2 + c^2}}
\cos \alpha = \frac{a}{\sqrt{a^2 + b^2 + c^2}}
\Delta H_I
M \in S
\sigma \in X
T \in E
\Delta L
\forall u \in V
P^\mu P_\mu
\{ T \}
\{u\}
\{T_N\}
\{I_k\}
\{I,\sigma\}
G\neq\{e\}
\{\sigma,F\}
\{c_s\}
\forall g\in G
\sigma \in G
\forall i\in I
T^{\mu}_{\mu}
\phi\in S
H \in P
M\ltN
\{u\}
\forall x \in E \exists y \in E xRy
\exists M, R \gt0
\phi(x)
(t, x, y, z) = x^a
\log_c(a - b) = \log_c(c^{(\log_ca - \log_cb)} - 1 )+ \log_cb
(n,0)
u_n = a q^{n - n_0}
151 \pm 143 \div 97
21-5\sqrt{21} + (15\sqrt{7}-21\sqrt{3})i
u = (u_n)
s^{n-3}
f_{a, b, c}( d)
78 \pm 5 \times 47
\cos (a + b) = \cos a \cos b - \sin a \sin b
a_{n+1} = o_{n}+ 2a_{n}= o_{n+1} + a_{n}
a=\frac{b}{g(b)}
v, u_1, u_2
e^{-1}
1 - 1 + 1 - 1 + \ldots
x^3-r=0
1-e^2= \frac{p}{a}
2^n-1
r, \theta, \phi, t
1 \pm 20 - 173
\frac{2}{3}n^3
\sum v_n
a^2-2ab
\alpha = (\alpha_{1},\alpha_{2},\ldots,\alpha_{n})
77 / 167 \leq 0
\cos x + i \sin x=e^{ix}
e^{(t+u)a}=e^{ta}\times e^{ua}
b_{n}-a_{n}
\frac {y_{i+1}-y_i}{x_{i+1}-x_i}=f(x_i,y_i)
(1 + 9 + 6 + 8 + 3)^3=19,683
175 \times (162 \times 103) \leq 2920050
a^2 - 2ab = (a - b)^2 - b^2
(c, d)
X^3-1
\gamma_{jk}
113 + (168 \div 86) \leq 115
\beta(s)
p=\frac{1}{\theta+1}
b=a^2+c^2
m_{ij}
n^2 - n + 41
n^{\log_2(3)}
h(t) = \frac{1}{\pi t}
42 - 85 - 18 \geq -25
X = (x_1, x_2, \ldots, x_p)
h_{fr}
f^{(n)}(a)
v(y)=y
Y = g(X) = \frac{1}{X}
f(z)=\sum_{n=0}^{\infty}a_n(z-a)^n
76 \pm ((41 + 118) \times 124) \times 130
ax^{2} + 2bx + c = 0
a_n=o(b_n)
l_i(x_i) = 1
\gamma = 1 + \frac{1}{n}
\phi(n)=(p-1)(q-1) = n + 1 - s
X^{3} - \sqrt{7}X^{2} - 7X - \sqrt{7} = 0
v = 1
x^3 + 3x^2\sqrt{3} - 3x - \sqrt{3}
\frac{m l^2 (\frac{d \theta}{d t})^2}{2}-m g l \cos(\theta) = -m g l \cos (\theta_0)
f(x,y)=1
(29 - 24 + 169) \times 88 \leq -14431
X= \frac x{27}+\frac y{13}
x( \theta )=a\sin(p\theta)
y_1(x) = x^2
q = -e
89 \times ((155 \times 50) \div 132) \neq -1372
2^{s+13}
u_1 = e^{\frac{2i\pi}{9}}
\sin (nx)
b^{op}
y_i=f(x_i)
z = (a-b) e^{it} + d e^{-i(q-1)t}
\sin^2(x)
\sqrt{13h}
((84 / 113) / 51) - 119 = -118.99
\forall x, f(x)
a_2=-1
\frac{dx(t)}{dt} = f(x(t),t)
24 / 125 = 0.19
f_i(x^a)
n_1+\ldots+n_j
f(x_\theta)
4 \div 182 = 0.02
\theta \rightarrow - \theta
4, 2, 1
9\times2^X
q + 1
(-a)^n = a^n
\frac{1-2p}{\sqrt{npq}}
y = \frac { 1}{Y}
( k , -k )
x^{-4}
f(r, \theta) = r^2 (\cos \theta^2 + \sin \theta^2) = r^2
4 = X^2
(158 / 16) / 59 \leq 0
\frac1{n^{k+2}}
b_1=b_2=vrai
\cos(4a) = 8\cos^4(a) - 8\cos^2(a) +1
1+{d-1}^{\frac {m}{2}-1}+m\sum_{i=0}^{\frac{m-4}{2}}(d-1)^i
(18 + 22) \div 92 \neq 0
y=x^{n}
d_{q2}^{2}+d_{23}^{2}+d_{34}^{2}
\frac{y_2x_2-y_1x_1}{n}
3 = \sqrt{6+\sqrt{6+\sqrt{6+\sqrt{6+\ldots}}}}
(139 - 52) / 172 \leq 1
d(5,3) = 5
\frac{n(n+1)}{2}+\frac{n(n-1)}{2}
p^a = p
14 \times 87 \neq -196
y \neq x
h_{11}(t) = t^3-t^2
x^2 + 2x\sqrt{2} + 1
z_n = z - f(x_0 + \ldots + x_n)
148 - 141 \neq -4
\frac{9}{5}
(0,\pm 1,\pm 1,0)
k_n=1
h_2 + \frac{h_1 (h_3^2 + h_2^2)}{h_3 h_0 - h_2 h_1} = 0
12 \div 75 \geq 0
-\frac{1}{\pi}
p(s_i,s_j)
(2-1)
\sum p_i=1
126 - 48 = 78
r_{4} = -r_{0}-r_{1}-r_{2}-r_{3}
x^2 + y^2 + z^2 + w^2= a^2
g_{ab}
w = x+iy
((26 \div 128) + 50) - (183 \div 29) \neq -6
10^{64}
\alpha(t)
2^{17}
x_iX_j-x_jX_i
r=\sqrt{\theta}
{f(x) = \sum_{n=0}^\infty {w^n s(2^{n}x)}}
n^3 = n^{\log_{2}8}
19 \times 7 \leq 133
y = \frac{1}{x^2 + 1}
q=2^n
\sin(x)
p_{1}^{\alpha_{1}}p_{2}^{\alpha_{2}}\ldots p_{k}^{\alpha_{k}}
26 \pm (109 + 119 - 82) \div ((169 - 123) + (20 \div 175))
z^2 - 2z - 1 = 0
h(-r)=h(r)
3^3 + 7^3 +1^3 = 371
q_j(0) \neq q_k(0)
186 \pm 6 + 98 + 176 + 92
2^{18}
h(r) = \int_{-\infty}^{\infty} g(u) e^{iru} du
f(x) = X^2 - 4X - 5
m_1, m_2, m_3
\frac{4}{3}
k=f(a+h)-f(a)
x^5 + dx^2+ex+f
3,1415
65 + ((128 \times 77) + (19 / 59)) \neq 556
X_{n+k}
b = \sqrt{2}
h = l + m + n
x^5+x+a
(g^{-1})^{ij}
f+g
28 \pm ((16 / 183) - (157 \times 172)) \times 181
-2x
a_{ij}^k
\frac{(2 d_1 + d_2 - 2) \sqrt{8 (d_2-4)}}{(d_2-6) \sqrt{d_1 (d_1 + d_2 -2)}}
67 - 132 - 181 - 194 = -52
m_{1}=1
2^{50}
((117 \times 54) \div (141 \times 124)) - ((70 \div 193) \div 159) \geq 0
2 {k} {\pi}
a p_0+b q_0 = 1
x( \theta )=a\sin(\theta)
f(x) = 7x - 3
x,y,z
a = \frac{f(x_1) - f(x_2)} {x_1 - x_2}
0 = (0, 0, \ldots, 0)
(166 + (93 \times 67)) - (64 + 127 + 176) \leq 6030
y(0) = \alpha_1
X^{max}
2^5+2+1
u_{n+p} = a_0u_n + a_1u_{n+1} + \ldots+ a_{p-1}u_{n+p-1}
((56 \times 52) \div 135) + (34 - (74 \times 92)) \geq -6752
\theta_2=\theta
7 \times 154 \neq -1362
\sqrt{5+2\sqrt{6} }
\frac{\sqrt{3}}{4}
q\rightarrow0
\theta + \pi
\lim_{x \rightarrow -\infty} \frac{1}{x^n} = \lim_{x \rightarrow +\infty} \frac{1}{x^n} = 0
124 / ((79 - 53) / 76) \neq 320
189a_7a_4^2-315a_7a_5a_3+25a_5^3
-90a_6a_5a_4+135a_6^2a_3=0
e^{imx} - e^{-imx} = 2i\sin (mx)
(47 \times 111) + 85 \geq 5301
c = \sqrt{a^2 + b^2} = \sqrt{2}
u_1 = 2
a+c=b
k=k_{m-1} 2^{m-1} + k_{m-2} 2^{m-2} + \ldots + k_1 2 + k_0
3n-5
h(\theta)
(p,l)
0 \pm 52 \times (169 + 196 - 58)
2X^2 + 5X - 3 = 0
x_2 = \frac{-1+i\sqrt{7}}{2}
x=\alpha_{1} y_{1}+\ldots+\alpha_{n+1}y_{n+1}
(z^2 + y_0 - a_0z - b_0)(z^2 + y_0 + a_0z + b_0) = 0
x_0, y_0, z_0
n-i
\sum_0^\infty \frac{1}{n^2}
a_ns_2 + a_{n-1}s_1 + 2a_{n-2} = 0
p_{i,i+1}=1-p_{i,i-1}=p
y = z x
r_i, r^j, r^k
\frac{b-a}{n}\leq\alpha
f(x)=\sum_{n=-\infty}^{\infty} a_{n} = x^{\alpha_{n}}
c(0) = 1
(p, g, h)
r=\frac{b}{1-a}
t \rightarrow \infty
1s^2, 2s^2, 2p^6, 3s^2, 3p^2
(159 - 162 - 52) + ((128 / 169) - (14 \times 13)) = -132.24
y(\phi)
(1-j)(m-n) = (-1-j)a+jb+c
(2n+1)^2=8m^2+1
ax + by + cz + d=0
f(x)=\sum_{k=1}^{+\infty}\frac 1 k \sin (k^2 x)
e = 2
e_{(x+y,z)} - e_{(x,z)} - e_{(y,z)}
c^2t^2-x^2= -1
a_{n}=n^{-\beta}
r_k=\frac{\int_{t_k}^{t_{k+1}}x p_X(x)}{\int_{t_k}^{t_{k+1}}p_X(x)}
0 \pm 145 - 35
\frac{1}{10}
(-a)^{n} = (-a)\times(-a)\times(-a)\times \ldots \times(-a)
r_1 + r_2
a=b^{\frac{q^d-1}{2}}
((15 \times 131) / 116) / ((75 \times 22) - 169) \neq 0
x^n=z
f=g
t^5 + t - a
(2 / (59 / 15)) - ((39 - 72) \times (18 \times 81)) \geq 48114
e^{X}e^{Y}
2^3 + 16^3 = 9^3 + 15^3 = 4 104
u_1=au_0+b
((31 \div 52) - (21 \div 120)) \times 102 \geq 42
q(t_f) = q_f
X\rightarrow p\rightarrow q
\sin (a - b) = \sin a \cos b - \cos a \sin b
2^{p - 1} - 1
\frac{1}{500}
\frac{h}{3} (f_0 + 4 f_1 + f_2)
100 \pm 15 \times 16
\frac{\beta}{\alpha-1}
1+2+3+\ldots+(n-1)+n
(n+3)
xx^m=x^{m+1}
x^{2} + 2x + 1 = 0
122 / ((58 - 176) / (164 / 99)) = -1.71
\pm i a
\sum \frac{f(n)}{n^s}
(r_ir_j)^\infty
10 + 67 \leq 77
3^{p-1}
2^{69}
x_{(k)}
\lim_{h \rightarrow 0} \frac{f(z+h)-f(z)}{h}
2^{n(n - 1)}
\frac{\alpha}{p(p+\alpha)}
17 \div 66 = 0.26
\frac{1}{3}\frac{1}{3}\gamma
g = 9,81
\sqrt{1+\frac{1}{\sqrt{2}}} +\sqrt{1-\frac{1}{\sqrt{2}}}
1 \leq e \leq v
\sqrt 3=\frac{11\alpha-\alpha^3}2
k^m + n
X(z)
u(n+1)
((98 + 150) + (76 \div 16)) + ((97 \div 92) \times 151) \neq 326
x - n
z= f(u) + g(v)
p = 2n - 1
32 \pm 12 \times 15
z=0
{ \frac {1 + \frac {7}{9}t^2 + \frac {64}{945}t^4}{1 + \frac {10}{9}t^2 + \frac 5{21}t^4}}
(X - r_0)^2
x_1, x_2, \ldots, x_n
(51 - 53 + 31) - ((186 \times 21) \times (161 \div 103)) \neq -8248
\frac{a^2}{b^2} = a^k
x(t) = v_{0} \cos\alpha t
x^4 - 4x^3\sqrt{2} + 2x^2 + 4x\sqrt{2}+ 1
(68 / (2 + 162)) \times 8 \geq 2
c = \sqrt{a^2+b^2-2ab\cos\gamma}
\gamma = \pi-\alpha-\beta
s_k = r_1^k + \ldots + r_n^k
44 \pm (8 - 142 - 48) \times (195 / 109)
r = \alpha(\theta) \pm d
n=2^m
\cos(a+b)= \cos(a) \cos(b) -\sin(a) \sin(b)
2 x_{max}
30 - 180 + 70 \neq 294
3^{n+1} + 2
t\neq 0
x^2 - x - 1 = 0
d_{2,0}^{2} = \frac{\sqrt{6}}{4} \sin^2 \theta
1 - (-1)^d
u_2=a^2u_0+ab + b
(45 - (106 \times 17)) / ((42 \times 37) - (42 \times 31)) = -6.97
x^2+x+1 = 0
t=\frac\pi 2
(\gamma )
c-\alpha u
7 \pm (111 \div (28 + 23)) \times ((53 + 187) \times (179 \div 147))
X \leq y
b_{i,n}(t)
X=\frac{ad(c-b)-cb(a-d)}{ dc-ab}
\frac{\pi}{4} = 1 - \frac{1}{3} + \frac{1}{5} - \frac{1}{7} + \ldots + \frac{(-1)^n}{2n+1} + \ldots=\sum_{k=0}^{\infty}\frac{(-1)^k}{2k+1}
189 \pm 159 \times (50 \times 99)
(x + 1) (8x^3 - 4x^2 - 4x + 1)=0
d_{tc} = d_{a} + t_{br}
\sqrt{2+\sqrt{2}}
r = \frac {p}{2\pi}
6 = 2^1(2^2-1)
h=c_0+mf
r = \frac{x}{y}
f(x_{i},\beta)
48 / 21 = 2.29
\cos(2x)=\cos^2(x)-\sin^2(x)
-a^{n} = - a\times a\times a\times \ldots \times a
v_{\phi}v_g \leq c^2
172 - 111 - 55 - 187 \neq -83
X\rightarrow Y
X_0(n)
f(x) = \frac{\sqrt x - 2}{x - 4} = \frac{u-2}{u^2 - 4}
40 - (134 - (144 \div 154)) \geq -93
2na_na_{n-2}-(n-1)a_{n-1}^2 = 0
3a + 2 \leq 5
x \times (- \infty)
12 \pm ((29 \times 6) + 22) + ((47 \times 133) - (86 - 187))
n \log(n)
\theta=\frac{\alpha}{180}\pi
b_0=1
t_{ij}
106 \pm ((89 - 15) / (196 + 74)) - 104
0=\frac{d^2 y}{dx^2}
v_{10}
n-1
m(n-1)
((133 \div 36) + 135) - ((38 \div 186) \times (33 \times 193)) = -1162.50
(2 + 3i)
a^n = - p_{n-1}a^{n-1}b + \ldots + p_0b^n
(X-a)(2X-b)
dt = \sqrt{\frac{l}{2g}}{\frac{d \theta}{\sqrt{\cos \theta -\cos \theta_0}}}
n = 0
y = \frac{1}{x}
m=10^4
83 \pm ((179 \div 23) - (149 + 151)) \div 88
dg_{\beta} = dg_{\alpha}
\phi=\frac{\pi}{2p}
(X-1)\times c
59 + 53 \neq -65
f(x) = \frac{x_b-x}{x_b-x_a} y_a + \frac{x-x_a}{x_b-x_a} y_b
10^{6,5}
g(y)=1
\lim (u_n)
x^{\frac{1}{2} (1 + \frac{1}{2^2}) (1 + \frac{1}{2^4}) (1 + \frac{1}{2^8})}
(\theta, \phi)
\lim_{t\rightarrow t_0} y(t) = + \infty
146 \times (101 + 157 - 181) = 11242
n\times d
ac=1
f(h)
120 - 14 - 107 \leq 213
6a^2
0,09 + {i} 0,12
y^2=\frac{x^3}{2a-x}
-\frac{h_3^2 + h_2^2}{h_3} = \frac{h_3}{h_3 h_0 - h_2 h_1}
179 \times ((10 - 77) \times (21 + 102)) \geq -1475139
n \log_2 n
1,1 \times 10^{18}
8y_{i+1}
{ r(t) = (x(t),y(t))}
37 \times 45 \geq 1664
(n-1)2^{n-4}
(nxm)
i_2 = i_1 + i_s
p=p_e
bd=Y
(m\times p)
c_1=a_{11}
u_0=(0,0)
\pi(e_1)
\sum_{i=1}^n k_i=\sum_{j=1}^m q_j
(a + c)^2 = 12
2=\frac{p^2}{q^2}
X_0^i
a_{i,j} = f(e_i,e_j)
192 - 166 \neq 12
0 X^3 + a_3 X^2 + (a_2 + a_3) X + (a_1 + a_2 + a_3)
k_1,\ldots,k_m
y_{1} + y_{3} = \sqrt{z_{2}}
\exists x
(166 - 122 + 32) + ((106 \div 30) \div (30 \div 18)) \geq 77
x=\phi_{ki}(z)
w^5 = 1 - w
\frac{1}{-1} = \frac{-1}{1}
p=m_2(q)
(154 / (93 / 140)) \times 112 \geq 25964
c_i = y^2 z^{m_i}
\sqrt{1+x}
t = k \sqrt{\frac{m}{q}}
X_n=i
(a, c)
s^{-1}
a + bm
g(z) = \frac{az+b}{cz+d}
h = \frac {1}{2} \times 9,81 \times 0,5^{2}
(x_1+y_1\sqrt{n})^k
m_1+m_2=m
76 \pm (102 + 150) \times 56
4^2 = 2^4
(h,k)=1
125a_5a_2^2-225a_5a_3a_1+27a_3^3-90a_4a_3a_2+135a_4^2a_1=0
u_n=o(v_n)
60 - 136 \geq -76
\sqrt{1-z^2}
\theta_1,\ldots,\theta_g
\theta = \frac {n \times 360} {60 \times 1000}
u(c)=\frac{1}{b-a}\int_a^b u(t)dt
20 + (96 \div 92) = 21.04
x^2 - dy^2 =\pm 1
t_{2}=r_{2}-t_{1}
(2-1-1)
\frac{x^2+y^2}{a^2}-\frac{z^2}{c^2}-1=0
a_{i,i-1}
(a + b)^2 = a^2 + 2ab + b^2
(1+t)^n=1 +tn+o(n)
10x = 3
u=x^2
10^n - k
\alpha x(t)
86 \div (18 + 21 + 141 + 2) = 0.47
f(x) = \frac{x^2-4}{4x^2}\frac{1}{x-2} = \frac{x+2}{4x^2}
q(x)=x_1x_2+x_2x_3+x_1x_3
b \neq 0
0,25 \times 360
(72 \div 151) \div (10 \times 152) \leq 0
c^2 = (a-b)^2+2ab
f(x,y)=\sqrt{x^2+y^2}
x+dx
x=e^u
92 / 70 = 1.31
f(ab^{-1} - cd^{-1}) = 0
\sum_p{\frac{1}{p^s}}
dx^3+(4e-c^2)x^2-2cdx-d^2 = 0
-m\frac{v^2}{r}=-\frac{e^2}{r^2}
58 + 4 \geq 61
f(x_0) = a_0
x=\beta_{3}y_{3}+\ldots+\beta_{n+1}y_{n+1}
f(n)=2+0= 2
d_{i,j}
10^{-12}
(\pm 1,0,0,\pm 1)
x_4 = -\sqrt{2}
102 + 72 \geq 173
b = \frac {4}{3} \pi \frac{ (2 r_0)^3 }{ 2 }
6,807h + 7,703c - 8,245
k = \sin \frac{ \theta_0}{2}
\phi(u,v)
\frac{1}{\log_a(b)}
y=\sin(t)
ds^2=dx^2+dy^2+dz^2
(131 + 77) / (61 + 21 + 14) \geq 1
x^3 = 18x + 35
u_2(z)
a_ns_1 + a_{n-1} = 0
c\sqrt{1-\frac{v^2}{c^2}} = 0
(176 + (115 \times 196)) / 67 = 339.04
\sin(- x) = -\sin(x)
a=(x_a,y_a,z_a)
y+16=x
u_n=-3 n+1
(81 + (38 + 107)) \div 151 \leq 78
c_1=g^k
\alpha,\gamma
n_x^2 + n_y^2 + n_z^2 = 1
f(v, t)
199 - 151 = 48
\frac{(e^{i x} - e^{-i x})}{2} = i \sin(x)
Y^p-X^p
(n-1)
157 \times (50 \times (89 \times 18)) = 12575700
\frac{e^z}{z}
x=(x_1,\ldots,x_n)
\cos^2(x)
\pi r l
(193 - (197 \times 153)) \times 77 \neq -67534
\cos(a)\cos(b)
X_{-j}
\frac{2}{\frac{1}{x}+\frac{1}{y}}
u_{18}
((96 / 43) / 159) - (172 + 101 + 89 - 125) \neq -153
(x_{k_n})
u \neq 0
(x - 3)^2 = 4
p = \frac{{v_{0}}^{2} \sin(2\alpha)}{2a} + \sqrt{\frac{({v_{0}}^{2} \sin(2\alpha))^{2}}{4a^{2}}+ \frac{2z_{0}(v_{0} \cos\alpha)^{2}}{a}}
15 \pm (12 - 10 - 29) \div 161
a^n b^n c^n d^n
v_2 = j^2{{e}}^{\frac{-2i\pi}{9}}
\sin(\pi z)
2,48\times e
a+b
\lim_{x \rightarrow a}f(x) = 1
2x^3 + (1 - \sqrt{13})x^2 - 2x - 3 + \sqrt{13}
a,b,c,d
34 \pm 89 \times 128
x_1=0
x_i=ih+x_0
197 + 143 \geq 339
a + 0 = 0 + a = a
x _{lb}
(\cos(x)+i\sin(x))^n = \cos(nx)+i \sin(nx)
y^5 + py + q
(165 / (165 + 146)) + ((116 \times 118) + 49) = 13737.53
d = r
u_n = u_{n-1} + u_{n-2}
c(\pi)
X^2 - 1 = -1 - (X + 1) + (X^2 + X + 1) = - p_1 - p_2 + p_3
108 - (22 \times (17 + 135)) = -3236
10^{8}
h_{k + q(k+1)}^2 - pk_{k + q(k+1)}^2 = (-1)^{q(k+1)}
b_{0}=b
p=\frac{p_{\alpha} + p_{\beta}}{\sin \alpha + \sin \beta}
138 + 3 + 21 + 166 \leq 328
135a_6a_3^2-225a_6a_4a_2+27a_4^3-90a_5a_4a_3+125a_5^2a_2=0
{ h = 800 km }
\frac {1}{\cos^2{x}}
r=pgcd(k,n)
96 \times (0 - 53) \geq -5088
k \rightarrow \infty
\frac{1}{x^3}-\frac{1}{x^4} = \frac{1}{x^4} \times (x-1)
q_{n-1} = a_n
125 - 86 \neq 38
k = 239
\frac{l_2}{l_1} = \frac{l_3}{l_2}=\frac{l_1+l_2}{l_3}
\phi_{a}(y)=1
u_{n+1}
125 + 16 \neq 254
x = r \cos \theta
n_{i,j} \neq 0
\sin^2(x)(1-\sin^2(y))=\sin^2(y)(1-\sin^2(x))
(x_1+b_1t, y_1-a_1t)
(56 \times (81 \div 141)) + (22 - 5) \geq 48
\sin{42}
x=\alpha_{1} y_{1}+\ldots+\alpha_{i-1}y_{i-1}+\alpha_{i+1}y_{i+1}+\ldots \alpha_{x n+1}y_{n+1}
\frac{x^2}{n_x^2} + \frac{y^2}{n_y^2} + \frac{z^2}{n_z^2} = 1
p^1 = p
-a^2
\frac{2-p}{\sqrt{r q}}
e=0
a_n=t_n - \frac{1}{2(n+1)}
a_0 = 2
t_0\leq t\leq t_1
x^4 - 4x^3 - 14x^2 - 4x + 1
\sqrt{zw}=\sqrt{z}\sqrt{w}
(x-x3)^2 + (y-y3)^2 = r^2
c(x, y)
x^4 + 6x^3\sqrt{3} + 8x^2 - 2x\sqrt{3} - 1
h(a)=h(b)
f(z) = (z-z_j)^{n_j} g(z)
xy = \frac{c}{a}
x_3=(2,2)
x^5=x+1
1 \times 7 \times 13 \times 19 = 1729
o(h)
186 \pm (166 / (50 + 137)) \times 78
(a^{b})^{c}
2^{m^p}
a_{1,j}
d_{fr}
(a_1,\ldots,a_k)
\beta = 1
i=(0,1)
(21 - 128) \times ((25 - 55) \times 50) \geq 160499
2\neq 0
\alpha_{1} y_{1}+\ldots+\alpha_{i-1}y_{i-1}+\alpha_{i+1}y_{i+1}+\ldots+\alpha_{n+1}y_{n+1}
X_2 = -\frac{49}{4}
(y_1,\ldots,y_{i-1},y_{i+1},\ldots,y_{n+1})
\phi(n)
(u_1, u_2)
r(s)
u = -1 - \frac{5}{12} q + w
f(e^d) = (f(e))^d
r_s(t)=\sqrt{(x-x_s(t))^2+y^2+z^2}
\frac {dx}{dt} = f(x)
25 - 82 \leq -56
{+\frac{\pi}{3}}
f(xhx^{-1})=f(x)f(x^{-1})
X_1 = 5
f_{a, b, c}(b) = 0
(37 - 5) / ((140 / 198) / 150) \geq 6788
f(x) = x^{-3}
h(t)
\frac{3}{4}
(j,k)
x^3 - 1 = 0
p = n \times m
1+1=2
a^{ij} = g^{ik} g^{jl} a_{kl}
3a_1a_2a_3x^3 + 3a_1a_2^2 x^2 + 3a_1^2a_2 x + 3a_1a_2a_0 = 0
(-\sin(a), \cos(a))
(X^3-1)^2=2
s=(p_1+p_2)^2=(p_3+p_4)^2
24 - 151 = -127
ac-b^2
\phi(p)
p = p_t + p_c + p_n + p_e + p_r + p_v
\frac{az^{-1} }{ (1-a z^{-1})^2 }
\cos(\alpha)
x^7-x^6-x^4-x^2-1
(p_1,q_1) \leq (p_2,q_2)
(83 + 84) \div (138 + 183 + 99) \neq 0
a_n z^n
(1 + \alpha^{-1}\beta)^{-1} = \sum_{i=0}^{\infty} (-1)^{i}(\alpha^{-1}\beta)^{i}
n=34
f(0,y)
170 \pm 8 \times 109
3\times 4\times 5\times 6=360
l_{1}=(3000,1)
a = re^{i\theta}
u_{n + 2} = 2 u_{n + 1} + u_n
64 / (78 - 9 - 167) = -0.65
\sin x = \frac{a}{\sqrt{1+a^{2}}}
q^{i(0)}=q^i
\sin^2(x) = 1-\cos^2(x)
33 \times 163 \neq 3144
\log_a x
h_2=\frac {f_2}{f}
{x} = \sqrt {r^2 + a^2} \sin\theta\cos\phi
a^p - b^p = (a-b)(a^{p-1} + a^{p-2} b + \ldots + a b^{p-2} + b^{p-1} )
k=-1
2mn - m - n
b = 4
w^2 = -1 + w
111 - 180 - 197 \leq -265
\phi(s)
a_{n+2}=a_n-q_{n+2}a_{n+1}
\frac{7}{10}
\frac{a^2+ b^2-2m^2}{2}
\frac{2(n+\alpha)}{n+1}
\int_{-\infty}^{+\infty} p_X(x) dx = 1
x(6 - x) \leq 2x - 5
v^{n}= \sum_{i=0}^{n-1} (-1)^{i}\alpha^{n-1-i}\beta^{i}
36 - 73 + 175 \leq 138
z_2 = -(y_1 + y_3)(y_2 + y_4)
y_i^{calc}
1 = -1
g_a(r)=m-1
((65 + 197) \div 12) \div 190 \neq 0
\frac{1}{2^2 \times 5^3}
p^2\neq 0
\theta=\theta_1\pm\theta_2
p = 4m + 1
67 / 62 \geq 0
y(\alpha)=\alpha \theta(\alpha)
Y=X^2
2^4 -1
r = \sum_{i=k}^\infty a_i p^i
118 \times 120 \neq -7084
r\sqrt{\pi}
t=\frac{2v_0}{g}
u^3 = 2 + \sqrt{-121} = 2 + 11\sqrt{-1}
\lim_{x\rightarrow 0} \log_a x = +\infty
e^{-x^2}
p = \frac{2}{n - 1}
(143 - 135 - 191) / 53 \neq 1
b^{-1}
\pm w( r, t)
2\pi n
p^a = \pi = p
3 - ((37 \div 15) - (189 - 117)) \geq 72
g(X)=\sqrt{\sum_{i=1}^nf_i(x_i-X)^2}
e^{X+Y}-e^{X} e^{Y}
a(l)
a(n) = 3a(n-1) + 4a(n-2)
f(s) = \sum_{n=0}^{\infty} \frac{a(n)}{n^{s}}
f(0)=0
((128 \times 82) \times 96) \times 17 = 17129472
\beta(x)
u^3+v^3 = -\frac{95}{54}
4 \pi d^2
\frac{d} {dx} ln(x)=\frac{1}{x}
x^2 - xy + y^2
p_n(z)
a^{3} + b^{3} = c^{3}
(a^2+b^2)(q^2+p^2) = (aq+bp)^2 + (ap-bq)^2
125 \pm 140 + ((154 - 42) \times 178)
r\sqrt 2
\phi_{1,2}
10^{3-4}
u _1 = v _1
123 \pm (185 \div (36 \div 64)) \div 122
25 = 1+3\times 8 = 1 + 3 \times(2 + 3 \times 2)
(1-j)
\theta_2=-\theta_1
179 - 169 - 96 + 151 \geq 64
a_0=x
s_i s_j = s_j s_i
6+2b=12+6
X_{(m+1)}
((168 \times 73) - (189 \div 45)) - 5 \neq -7922
x^2=r
\alpha \rightarrow f(\alpha)
m_{n}(g_{\alpha}) = m_{n}(f)
71 + (13 \div 167) = 71.08
a \times 0 = 0 \times a = 0
f(z)=\sum_{n=-\infty}^{\infty} a_n(f)z^n
y=x\times x
s = b_k - \frac{b_k-b_{k-1}}{f(b_k)-f(b_{k-1})} f(b_k)
(74 - 115 - 0 - 171) \times ((72 / 198) + 37) \leq 4857
a_ns_3 + a_{n-1}s_2 + a_{n-2}s_1 + 3a_{n-3} = 0
\lim_{x\rightarrow-\infty}f(x) = -\infty
\alpha x^{\alpha-1}
x_p^1
14 \pm 173 + 86 - 61 + 178
\sqrt{1-x}
f_{uu}(1+f_v^2)- 2f_u f_v f_{uv} + f_{vv}(1+f_u^2) = 0
2^2 + 3^2 + 4^2
q(x)=x_1^2+x_2^2+x_3^2-2x_1x_2-2x_2x_3-2x_3x_1
119 \div (16 - 46) \leq -3
a^{\frac 1 n}
\frac{f_n(u)+f_n(v)}{2}
6 \times 6 = 4 \times 9
a_{tan} = r\alpha
100 + 189 \neq -81
x^{\alpha}e^{-x}
X_1 = 10
u_i(t,x_j)
c-a
c(x, y) = h(x - y)
(3 + 4)^3 = 343
129 \div 173 \leq 1
\sum a_n \cos(nx) + b_n \sin(nx)
q = u 1 + v i + w j + x k
f(z)
\frac{s^2}{l^2}
{4^5-4}
6 \times 0,35
a_5x^5 + a_4x^4 + a_3x^3 + a_2x^2 + a_1x^1 + a_0 = 0
q = (1 - p)
70 - (49 + (19 \times 22)) \geq -397
(x+y)^2=x^2+y^2+ 2xy
\alpha\times\beta
f(u_1) = u_2
x^2-b^2=(x-b)(x+b)
\frac{dg_{i}}{ds}=\beta_{i}(g_{1},\ldots,g_{n})
z_2=\frac{1}{2}
(\cos(a), \sin(a))
\int_a^b f
\pi=\frac {2a}{lp}
x \leq y
x = \frac {1 }{ 2}gt^2
(175 \times 132) - 184 \leq 22916
a \pm i b
m_1 = \frac{h(X_1) + \ldots + h(X_n)}{n}
e^{-\frac{2\pi i}{n}}
\frac{u_{n+1}}{u_n}
((192 - 28) / 154) / 188 \neq 0
3\times(4\times x+1)\times (5\times x\times y-2)\times z
\alpha,\beta
f_{n+1}
\phi_{lr}( r )
62 \pm 100 + (3 \times (0 + 40))
\theta(1)
2e_1
z(X) = \sum_{i=1}^n x_ip_i + \sum_{i=1}^n\sum_{j=1}^n x_ix_jg_{ij}
X_2 = 21
\lim_{x \rightarrow 0} \frac{e^x - 1}{x} = 1
2^{10}
p=\frac 1n
X_2 = \frac{-2 - 2i}{2} = -1 - i
\pi_1,\ldots,\pi_g
f(x)=-x
\forall x \in X
d=2
x_i = x_0 + ih
\frac {1 + \frac { 3}{4}x + \frac { 1}{4}x^{2} + \frac 1{24}x^{3}}{1 - \frac { 1}{4}x}
(1-j)l_1 = c-jb
(175 \div (129 + 163)) \div 28 \leq 0
n=163
\phi(r,\theta)
x_2=\frac c{ax_1}
179 \times 188 = 33652
\frac{\sin x}{x}=\frac{\sin x-\sin 0}{x-0}
u = 3 j
x^{2n+1}
\frac{e^{iat}}{n}\sum_{k=0}^{n-1}e^{ikt}
(133 \times (176 / 67)) - ((119 \times 14) - 190) \geq -1127
k \leq 4
\cos(\beta)=\sin(\alpha)
\log(2)
f(0,t)
181 + 22 \geq 202
2^d \alpha
\int\frac{1}{y}+\frac{1}{1-y} dy=\int dx
{1, i, j, k}
((18 \div 123) + 123) \times (107 + (100 \div 142)) \geq 13262
\sqrt{a}\sqrt{b}=\sqrt{ab}
\frac1{g(y)} \frac{dy}{dx} = f(x)
f(z)-1
u_n = u_p q^{n - p}
f(x,y,z)
42 \times 172 \geq 7223
\frac{a}{b}\frac{e}{f} + \frac{c}{d}\frac{e}{f}= \frac{(ad + cb)e}{bdf}
bc=h^2
b^2-4ac
y-\phi_{ij}(x)
x = \sum_{i = 0}^{n-1} x_i e^i
\frac{3 h}{8} (f_0 + 3 f_1 + 3 f_2 + f_3)
i=0
{v=-eu}
177 / ((116 / 59) / (168 + 139)) \geq 27637
\sqrt {15}
d_{x^2-y^2}
\beta = (\beta_{1},\beta_{2},\ldots,\beta_{n})
(24 \times 36) + 18 \leq 882
{\beta} {\sqrt n }
\lim_{z\rightarrow z_0} f(z)=f(z_0)
729 = 3^6
\lim_{x \rightarrow a}\frac{f(x)}{g(x)} = 1
148 \pm 45 + ((191 \times 1) + (77 - 108))
k=-\frac{1}{2}
v_1v_2v_3
5 \sqrt 5 + 2 \sqrt 2
x_1(t)
103 \pm (67 \div 175) \times 153
x=\sin(y)
y = u_y(x)
\frac{x^{2}+y^{2}}{a^{2}}-\frac{z^{2}}{c^{2}}+1=0
w ^{\alpha} = \frac{2}{\sqrt{3}} ( \cos ( \frac{\alpha \pi}{3} + \frac{\pi}{6} ) + w \sin \frac{\alpha \pi}{3} )
107 + (82 \div 108) \neq -90
\beta_{n+1}=\beta_n
\log_2(4)
x = 3
\frac{31}{50}= \frac t{100}
23 \times (122 \times (2 / 65)) = 86.34
3+\frac{10}{70}
\frac{p\pi}{q}
x^2-r=0
a z_{ij}
(103 / (18 + 134)) + 109 \leq 110
2y - 3 = 7
\frac{1}{1+x} = 1-x+x^2-x^3+\ldots+(-1)^nx^n+o(x^n)
\frac{(n-2)\pi}{n}
b i + c j + d k
\frac{xy}{x}=\frac{y}{1}
\sin \theta_{max} = \sqrt{n_c^2-n_g^2}
k_1 = \sqrt{\frac{2}{3}}
p=\frac {1}{2}(a+b+c)
114 \pm 51 \div ((162 - 110) \div (23 \times 1))
a=b=c
\frac{1}{\sqrt{1-x^2}}
6n(n - 1) + 1
(1-u)
n \sin\alpha
au+bv=1
f(0)=-\frac{1}{2}
w_n=f_n
30 \pm ((165 \div 5) - 111) + 166
x = -a
m_i = \frac{x_i+x_{i+1}}{2}
(1+\frac{\theta_{0}^{2}}{16})
17 \pm 88 / 194
\sum a_k\theta_k=0
x_i = 2
p^0 = 0
173 \pm ((198 \times 114) - (158 - 166)) \times 110
k^{-3}
\sum_{k=0}^{m-1} k^n = 0^n + 1^n + 2^n + \ldots + {(m-1)}^n
-\frac{101}{100}
q=p^k
u(0) = u_0
10^{46}
n_1+\ldots+n_{k-1}=n-1
((40 \times 102) \times 195) - (82 \times (142 \div 13)) \leq 794704
c = 13
f(\alpha x_{1},\alpha x_{2}) = \alpha^{4} \times f(x_{1},x_{2})
k=459
\lim_{x \rightarrow +\infty} x - \sqrt{x^2 - x} = \lim_{h \rightarrow 0}\frac{\frac{1}{2\sqrt{1-h}}}{1}
10^{15}
\alpha_{11}
x^2-29y^2 = 1
\frac{a^{m+1}}{m+1}
\gamma_{13}
2^n \times 2^n
\frac{1}{2}h
((26 / 99) / 190) - ((135 \times 114) / 108) \geq -142
\alpha\sqrt{n}
10^{58}
\cos (\pi+t)=-\cos (t)
(k-1) \theta
f_j(e_i)
X_1 = \frac{-2 + 2i}{2} = -1 + i
p^{\alpha} \neq 0
96 \pm 6 + 43 + 159 + 17 - 15
\sum a_n(x)
u(\theta_0,p)=0
X^3 - X^2 -2X +1 = 0
\frac {1}{\sqrt{1-\frac{v^2}{c^2}}}
e^{-z} = \cos(z) - \sin(z)
(2l+1)
\frac{25}{9} = \frac{1}{3^2} + \frac{2}{3} + 2
166 - 31 = 135
t_{2n} = t_n
\sum_{i=1}^na_{ii}
(f(a),f^{ (p)}(a),f^{ (q)}(a))
n = k+1
a_{n-1}a_n=a_1
Y=\frac{1}{1-e^{-X}}
X_1, X_2, \ldots
\theta_0=\pi
x^0 = ct
x^5 - 5x^4\sqrt{5+2\sqrt{5}} - 10x^3
p_1 + p_2 = p_3 + p_4
46 \pm 171 + 190
\sqrt{29}
q=e^{2i\pi z}
x=-\sqrt{y-3}
\exists k, x_k
(36 / (128 - 153)) \times (112 / 22) = -7.33
\theta = \phi
({p_1}, {p_2}, {d_1}, {p_3}, {d_2}, {d_3}, {d_4})
x = 1
p = a+b+c
((177 - 72) \times (104 \times 164)) \div (79 \times (113 \times 18)) = 11.15
x^{\frac{1}{2} (1 + \frac{1}{2^{2}})}
\frac{Y}{2}
p_X(x)
(120 - 69) - ((171 + 60) \times (24 / 97)) \neq 0
n^2 + n
\alpha = \frac{2 \pi}{365,25}
{10}^{47}
\phi(x,y)
69 + 42 = 111
X=Y+1
(p, p+2, p+4)
x+a = y+a
a_n a_1=a_2
p_n-p_1=s(k)
(z_i)
1 + \frac{h^{2}}{r^{2}} = \frac{1}{\sin ^{2}\alpha}
91 / 190 \geq 0
r _i(s)
x=x_0 \frac{y-y_0}{v}=\frac{z-z_0}{w}
a^2(a^4 - 6a^2 + 9) - 36 = -8a^2
136 \times (60 - 196 + 188) \geq 7071
\frac{\alpha-1}{\alpha+\beta-2}
u_n = \frac 1n
f(x) = 4x(1-x)
c(t) = e^{tv}
e^{ix} = \cos(x) + i\sin(x)
\phi_p(x)=p\phi(px)
10a_5a_2 - 2a_4a_3 = 0
g_{ij} = - a^2(t) \gamma_{ij}
49 \pm (98 - 193) / (60 \times 119)
a+0=a
(1-t^n)a_n(t) = \frac {1-t^n}{n(1-t)} -t^n
\beta = \cos(\theta)
(x_0, y_0, z_0)
f^{-1}(1)
x = (x_1, x_2, \ldots, x_n)
\alpha = \beta
a, b
\alpha^2 + \beta^2 = 1
1 + z = \frac{a_0}{a(t)}
91 + ((147 / 115) \times 97) \leq 215
y=x+3
d_{1,-1}^{1} = \frac{1-\cos \theta}{2}
1-x
s = f(s_1,\ldots,s_n)
178 / 41 \geq 3
0+0=0
c_{pd}
f(x) \leq g(x)
x \times (+ \infty)
n_1+\ldots +n_{i-1}+1
\forall x,y
x = \frac{0,155 \times 100}{0,183}
X^2 -2X - 1 = 0
s_1,\ldots,s_k
(132 + 129 - 44) \div 102 \neq -2
yz=zy
2\pi xy=t
\frac {750}{27 706}
\alpha b + \beta =0
X=-\frac pe
Y_{\alpha}(x)
j = s
196 + (157 \times 67) \geq 10714
a = \frac {c\sin\alpha}{\sin(\alpha+\beta)}
y=v\sin(u)
y = ax + b
\frac{l_2}{l_1}
2ik\pi
l(1-\cos(\theta_0) )= (l-a)(1-\cos(\theta))
x^2 + xy - y^2 = \pm 1
e^{-x} +0,2x -1 = 0
a_{n}=n^{-1}
\frac{d}{dt}
\theta^{(0)}
f(s)=\sum_{n=1}^\infty{\frac{a_n}{n^s}}
((86 - 91) / 120) - (30 / 71) \leq 0
dy^3
x = \frac{7 \times8}{5}
x_f = x_i + {v_i}{t} + \frac{1}{2}{at^2}
4 + 4 + 2 \times 6 = 20
(2,-1,1)
y_1(x)
x_1 = -\frac{b}{2a } + p
60 - 72 + 59 + 95 \geq 141
y =\frac {-1 - 4x}{2}
\alpha_{i k_{i}}u^{k_{i}}(x_{i})
r \sin\theta
p = \frac{r^{n+1}}{b^n}
((13 \times 146) - 124) - 19 \geq 1754
5\times 10^{19}
\frac{3p^2-3p+1}{pq}
127 \times (149 \div 81) \geq 233
\frac{1}{2}(3x^2-1)
\frac{d}{dt}e^{X(t)} = \int_{0}^{1} e^{(1-\alpha) X(t)} \frac{dX(t)}{dt} e^{\alpha X(t)}d\alpha
y = y_1 + \frac{1}{z}
p = n - k
dx + ey +f =0
e _1, e _2, \ldots, e _n
x^2 + y^2
a(t+1)
14 + 54 - 116 \neq -12
\sqrt{2} + 1
u_{p_i,q_i}
(n + 2)
y(t)-ax(t)
\frac{a}{b} + \frac{-a}{b} = \frac{0}{b^2}
ab + nc = 1
b_{i_{j}}
ab=2
(q_k, p_k)
a^n-b^n
(x_a,y_a)
181 \pm (129 + 117) \div (61 + 180)
\log_b (b) = 1
u_n=3u_{n-2}-u_{n-3}
-x_0^2 -x_1^2+ \sum_{i=2}^n x_i^2 = -\alpha^2
\frac{8\pi r}{q(r)}
149 / (123 / (37 + 155)) \neq -258
x = 3i
d(x,y) = 0
(2\sqrt{21}-9 )x^{2}+x+3\sqrt{21}-13-(5\sqrt{7}-7\sqrt{3})i = 0
p_x = ap_{x - 1} + b
u=1-m
(z-2xz+z^2)
u_n = u_{n_0} q^{n - n_0}
\frac{(-1)^n}{\sqrt{n}}
f (x_0) = Y
q=-\sum_{i=1}^sl_i^2+\sum_{i=s+1}^rl_i^2
1 + (d+1)(r-1)
v_x(df)
b(1)
n=k+2t
y_k=f(x_{k+1})-f(x_k)
\forall x\in X,(\alpha f)(x) = \alpha f(x)
2^{k-1}(2^k - 1)
(1,\alpha,\alpha^{2},\ldots,\alpha^{n-1})
99 \times 182 = 18018
r = \alpha(\theta)
t^\frac{2}{3}
\sin(\pi - \theta) = \sin(\theta)
n=2^p
ua + vb = 1
x + y
h(z)
((72 \times 113) \times 56) - (82 \times 96) \geq 447743
f(x) = y_a + (x-x_a) \frac{y_b-y_a}{x_b-x_a}
\alpha,-\alpha
z-2
10^i r_0
mn-1
y_{n+1} = b x_n
p = \frac{(3k + 1)}{2}
146 \div (194 + 53) = 0.59
x^{2} + 4x + 1
\frac{dy}{dt}= y(a-by)
2 \times 3
xvx^{-1}
x^5 + cx^3 + dx^2 + ex + f
2^{m} \times 2{m}
e^{ix} = \cos x + i \sin x
(f + g)(t_1, t_2, \ldots, t_n) = g(2t_1-1, t_2, \ldots, t_n)
f(x) = (1+x)^{-1}
a\times 10^{p}
x_{k-1}
p = a (1 - e^2)
14 + 61 = 75
r(n) = \sqrt{n}
({p_1}, {p_2}, {d_1}, {p_3}, {d_2}, {d_3}, {d_4}, {p_4})
\int_{0}^{\infty}dx x^{n}
(196 \times (71 \div 166)) - 36 \neq 65
z=r e^{i\theta}
( x ,w)
Y=0
e_{t+1}
a_{n}(x)
(n_1,n_2)
\int_a^b \phi
\frac{d}{ds}c_n(f,s)=\frac{n}{s}c_n(f,s)
135 \div 119 \geq 0
e^{i(n-k)x}e^{-ikx} = e^{i(n-2k)x}
2^2 + 1
\alpha^{n} + a_{n-1}\alpha^{n-1} + \ldots + a_{1}\alpha + a_{0} = 0
((95 - 86) \times 35) \times 197 \neq -37879
\alpha+\gamma = \beta
ev(p) = 10 \log (\frac{p}{1-p})
b^1 = b
1+\log_3(2)
y(0) = 1
t = 18
t_{\gamma}^{k}
((7 \div 3) \div 187) - 70 \neq -28
(z^{k+1})
0\leq q_2
\frac { 1}{2} a + \sqrt{\frac { 1}{4} aa+bb}
\frac{n}{m}
198 \pm ((59 \times 30) - 90) - 188
a_n = n a_{n-1} + (n-1) a_{n-2}
a_1, b_1, a_2, b_2,\ldots a_g, b_g
\cos(- x) = \cos(x)
(0, 0)
139 \pm (184 \times (54 + 102)) + ((178 \div 169) + 27)
xy^2 + ey = ax^3 + bx^2 + cx + d
ad - bc \neq 0
p^{\beta-\alpha}
145 \times ((98 \times 54) + 198) \geq 796049
4ac
-h(1+t^2)
(a + b)^4 = a^4 + 4a^3b + 6a^2b^2 +4ab^3 + b^4
\frac{1 - q}{(u + q)^2} + u = 0
20 + 49 + 4 + 109 - 83 \neq -42
k = 1
\frac{p}{q}\leq a
f(x) = \frac{1}{1+x}
10^{-p}
133 + 145 \neq -88
x=b
(\frac { 1}{2} a) + \sqrt{(\frac { 1}{4} aa)+(bb)}
z \pm ct
(122 \div (197 + 94)) + ((126 \div 0) \times (179 - 97)) \neq 2147483647
a^2 + b^2 = c^2
r(l) = \infty
x^4 - x^3\sqrt{2} - 3x^2 + 3x\sqrt{2} - 1
g(u,v)=u+v
((12 \div 10) \div 4) - 106 \neq 174
\frac{1}{1-a z^{-1}}
\pi-t
351 = 3^3\times 13
i = f(u)
a \leq x \leq b
u(x,y,z,t) = u (z, t)
30X^3 - X^2 - 61X + 12 = 0
q = a 1 + b i + c j + d k
a= \sqrt{2}^{\sqrt2}
j = a_1a_2a_3
x_0=\sqrt{2-{\sqrt{2+{\sqrt{2+{\sqrt{2+{\sqrt{3}}}}}}}}}
h(\theta)=0
((63 \div 132) + 4) \div 96 = 0.05
\phi_n(n)
dt = dt_0
\gamma_{14}
h(f,\alpha) = \lim_{n \rightarrow + \infty} \frac{1}{qn}
143 \pm 191 \times 7
x_{i2}
\frac{1}{2} l (1+\sqrt 2)(1+\sqrt{4-2\sqrt 2})
2x_1
a_1 v_1 b_1 + \ldots + a_n v_n b_n
k = i_2
1+\frac{t}{100}
\frac {2}{15} \times 7 \times \frac {1} {11} = \frac {2 \times 7}{15} \times \frac {1}{11}
j=\frac{g_2^3}{g_2^3-27g_3^2}
X^4-1
p=d_{i,j}^{(n)}
\sqrt{x \times y} = \sqrt{x} \times \sqrt{y}
2j+1
(58 / 88) \times 190 \neq -105
x^{3} - 3x - 1
f(y^{(n)},\ldots,y)=0
3=-1^{2}+2^{2}-3^{2}-4^{2}+5^{2}
x(t_f) = 0
24 - 43 \neq 18
r=\alpha
(\pm 1,\pm 1,0,0)
125 = 5^{1 + 2}
99 \pm (90 - 13) \times 82
2^2=4
j = -\frac{1}{2} + \frac{\sqrt{3}}{2}i
\frac{3}{7}
166 - 147 - 56 = 75
z(X)
(m+1)\times(n+1)
2n=40
m + i
7 \times 73
\frac{1}{2}a p
{z = x - \frac{b}{3a}}
c_n=\frac{1}{n}\sum_{k=1}^n a_k=\frac{a_1+\ldots+a_n}{n}
((43 / 182) \times 6) \times 6 \geq 8
(x^2-5)^2-24
\frac{dv}{dt}
a b c d
65 \times 197 \leq 12805
x^2-2
{\lim_{n \rightarrow +{\infty} }{{u}_{n}}}
XY = YX
\lim_{n \rightarrow \infty}(u_n - u_{n-1})= l
\sqrt{-2}\times\sqrt{-3}
x_q = x
f(a_1) \leq f(a_2)
\phi(a, 0, n+1)=\phi(n, 0, 0)
178 + 61 \neq 565
\beta = \pi
m\frac{d^2 x}{dt^2}=f(x)
(1 - \theta t)^{-k}
2^{60}
\sum_{i=1}^n p_i=1
i = i + 1
144 \div (6 \times 124) \geq 0
(x^2+y^2)^2 - (a^2+2by)(x^2+y^2) + b^2 y^2 = 0
a_2 a_3 = a_4
x^7 + 7x^6dX + 21x^5dX^2 + 35x^4dX^3
x_i^j=1
131 \pm (172 \times (28 \times 59)) + (73 + 61)
y-x
\frac{d cn(u)}{du} = -sn(u)dn(u)
(n \times n)
v = v^i e _i
189 \pm (124 \times 100) + 147
{10}^{12}
\frac{a_1+\ldots+a_n}{b_1+\ldots+b_n}
(89 - (86 \times 4)) / ((196 / 168) + 125) \leq -1
\frac{1}{1-x} = \sum_{i=0}^{n} x^{i}+ \frac{x^{n+1}}{1-x}
(x_i,y_i)
\frac a x = b
1,397162 \times 10^{316}
95 + ((138 \div 36) \div (86 \div 131)) \leq 101
10^{-22}
ap + bq
x \rightarrow a
140 - ((175 + 16) / 168) \neq -114
x^2 + 3x
a=0,84
y = 0
r = \frac{p}{1+e} = a-c
((3 - 90) - (149 \times 37)) - ((129 - 78) \div 15) \geq -5603
\frac{f(x)}x=\sin\frac1x
m_2 = 1
x - y = x -y
\int \frac{1}{h(y)} dy = \int g(x) dx
y_1+\ldots+y_{n+1}=0
\pi-e
k_{tot} = k_1 + k_2 + k_3 + \ldots + k_n
ax^4 + bx^2 + c
1-\frac{t}{100}
f(x)e^{x^2}
\frac {x-10}{1} = 0,7
60 - 142 - 58 \leq -139
k \times n
x^3 + x^2 - x - 1
u_{20}
((57 + 88) \div 45) \times ((104 + 171) \div 77) \geq 11
f(z) \neq 0
a_0 = 52,917 720 859 (36)
8\times 8=64
d_{fr}=d_{tc}+h_{fr}-t_{br}
((51 \div 26) \times 143) + 79 \neq -91
f^{12}
n_1 = 3
168 - (134 \div 165) = 167.19
7^2 = 49
\lim_{x \rightarrow +\infty} \sqrt{x} = +\infty
a+b+c
\frac{n}{p^j}
38 + 147 \leq 185
f^{(n)}
a_{i,j} = a_{i-1,j+1}
\frac { 6}{5}X = 21
((151 + 23) - (183 \times 126)) + 153 = -22731
\sum x_i = 1
f(x,y)
(2\sqrt{21}-9 )x^2+x+8-2\sqrt{21} = 0
v_n=\frac{1}{n}
31 + 54 = 85
r=r(\theta)
d^2pq(p^2-q^2)
y = \frac{d}{x}
\frac{1}{x}=x - 1
(f_1,\ldots,f_p)
\theta(x)
(x , y)
((126 \times 130) \times 162) \div (168 - 161 - 32) \neq -11542
r_{1}+r_{2}=- \frac{b}{a}
a^{ij}
\gamma_y(0)=y_1
x(t) = x(t-1)
(198 + 134 - 77) / 171 \leq 1
d_{x_i}
i(t)
f(0)=f(1)=x
f(z)=\sum_{n=-\infty}^{+\infty} a_n{(z-a)}^n
93 + 62 + 79 \neq -126
\frac{-b\pm\sqrt{b^2-4ac}}{2a}
h(x)=f(x,y_{0}+t)-f(x,y_{0})
2^n-i
j^2 = -1-j
184 \div (126 \times 37) \leq 0
x^{16}-x^{15}-x^{14}+x^2-1
p(z)
(x^{2} + 1)(x + 1)(x - 1)^{2} = 0
p_i = w_i
167 \pm 137 + 159
2x^{4} + (1 + \sqrt{17})x^{3} - (3 - \sqrt{17})x^{2} + 2(2 - \sqrt{17})x - 2
x = a_0 + \frac 1 {a_1 + \frac 1 {a_2 + \frac 1 {a_3+\ldots}}}
(r_2^n)
\frac{h}{k} = -\frac{3}{2}
152 + 156 \geq 307
\gamma^{-1}
u, v, w, x
\frac{1}{r^d}
q = - 35
9 \pm 48 - ((181 - 94) \times 77)
n=1
kw^{k-1}=0
w_{ij} = \frac{1}{n} \sum_{k=1}^p x_i^k x_j^k
((18 / 6) \times 166) - (85 - 158) = 571
(10a_5a_3-4a_4^2) + 10a_5(a_2 - \frac{a_4a_3}{5a_5})^2 = 0
w(p(s(X),Y)) = 2w(s(X)) + w(Y) = 2 + 2w(X) + w(Y)
x_k= y_k
p_{n+1} = ap_n + (1-b)q_n
\frac{4}{3} \pi abc
n=\sum_{i=1}^h d_i^2
n_1\sin i_1 =n_2 \sin i_2
(\pi_1,\ldots,\pi_g)
115 \pm 170 / (87 - 149 - 158)
p_1 + p_2 + p_3 = {p_1}^2 + {p_2}^2 + {p_3}^2 = 1
y(z)
y^2=x(x-a^p)(x+b^p)
47 - 64 \leq -16
Y_1^{(n)}
872-91=881-100=781
\cos x = 1- \frac{x^2}{2} + o(x^3)
59 - 135 + 125 \geq 48
2^2=2\times2
lf=id_X
x_1x_2 = \frac ca
({d_1}, {d_2}, {d_3}, {d_4})
((190 \div 196) \times (165 - 100)) \div (73 + (91 \times 97)) \leq 0
\cos(3a) = 4\cos^3(a) - 3 \cos(a)
t = (2n+1) x
(\beta_n)
n^{p-2} = n^{-1}
f(y)
\frac{x-x_0}{u}=\frac{y-y_0}{v}=\frac{z-z_0}{w}
10^{-n}
\alpha = \lim_{n \rightarrow \infty}\frac {d_{n}}{d_{n+1}}
183 \times 99 \geq 18116
x^{3} - x^{2}\sqrt{7} + x + \frac{1}{\sqrt{7}}
(Y,d_Y)
ds^2
po\beta
155 \pm ((11 \div 83) \div 94) \times ((24 \times 86) \times (97 \times 136))
\sqrt{xd}
q = 1+\alpha(1-\cos \theta)
\frac{f_2}{g_2}
v = v_i e _i
184 + 176 + 13 - 98 \leq 275
(-1)^{n+1}
(-\sin\phi\cos\theta,-\sin\phi\sin\theta,\cos\phi)
X^2 - 2\times\frac { 5}{4} X + 1 = 0
((64 / 69) \times 143) - (181 / 166) \geq 131
\beta_{n+1}
u(x-x_0) + v(y-y_0)= 0
a^{x+y}=a^xa^y
(5, 7)
(41 + (114 \div 90)) \times 69 \neq -8535
6x^3 - 6x^2 + 12x + 7=0
\lim (u_n) = +\infty
a_i + b_i
\lim_{n} \frac{1}{n} \sum_{k=0}^{n-1} f(X_k)
e^{i \pi}=-1
1000 \times 1,1
a_{n-2}
\pi_x=(y,z)
73 / 36 \neq -2
\int_a^c f(x) dx= \int_a^b f(x) dx+ \int_b^c f(x) dx
(i, j)
Y=X+a
x_1,\ldots, x_n
x(x(xx)) = (x(xx))x = (xx)(xx)
t(z) = \frac{h_3 h_1}{h_3 h_0 - h_2 h_1} + \frac{h_3^2}{h_3 h_0 - h_2 h_1} z^{-1}
k+1
X-2
60 \times 0,3127=18,672
\alpha^2 y+ \beta^2x=1
(184 - 188 - 158 + 135) / ((34 - 118) + (81 \times 20)) = -0.19
x^n=r
p_2(s)
\frac{a}{b}
\lim_{n \rightarrow +\infty} (u_n) = 0
181 \times ((47 / 184) - 126) \neq 1039
a_3 = 32
\frac{p}{1-e} = a+c
y^2=1-x^2
u_n = \sum_{i=1}^n e_i
a = c
x + (-x) = 0
x\rightarrow e^{sx}
(138 + 115 - 7) / (97 - 168 - 2 - 173) \geq 1
y^2+a_1y+a_3=x^3+a-2x^2+a_4x+a_6
p_c = \frac{a}{27b^2}
k_{1}=k_{2}
\lim_{x \rightarrow - \infty}\frac{f(x)}{x} = \pm \infty
141 + 160 = 301
akb=-b(y-y_0)
f(n,m)
n = 255
(39 \div 40) + (168 \times 122) \leq 20497
y = x^\frac {1}{3}
e = \frac{(1 - j)}{2}
c = \sqrt{a^2-b^2}
(n + 1)\times(m + 1)
a+b+c=0
m \leq m-r
r = \sqrt{n}
u_{n+1} = \sqrt{u_nv_n}
45 \times (39 \div 126) \neq 32
y \neq 0
d(p+1,0) = 0
((-1)^nn+n)
p(b)
(7 - 77 - 78) / 166 \geq 0
n(n+1+\alpha+\beta)
6,07 \times 10^{-5}
\pi(\sqrt{n})
x^5 - 10 q^2x = p
\gamma(0) = x
\frac{(a+c)h}{2}
f = d^3a_2+3bd^2a_3 = 27i\sqrt{3}
p+1+2\sqrt p
(153 \times (29 - 55)) + ((135 + 107) / 17) \neq 529
c = 12
p_0, p_1 \ldots
(y_2-y_1)X-(x_2-x_1)Y=x_1y_2-x_2y_1
f(a i + b j + c k ) = \frac{1 + i + j + k }{2} (a i + b j + c k ) \frac{1 - i - j - k }{2}
77 + 113 \geq 189
f_1 + f_2
x=10+0,7
46 \pm ((95 / 79) / 75) + (55 / 65)
x^3-x-1
f_2(s)=h(s,1-s,0)
a \neq -1
(126 \times 11) - (165 / 10) \leq 1370
y^2= ax^3 + bx^2 + cx + d
f(x) = x^2
(ab)
x^3+px+q=0
\frac{3}{4}=\frac{3 \times 3\times 3\times 5}{4 \times 3\times 3\times 5}= \frac{135}{180}
\frac{z}{(z-1)^2}
(X,Y)
b^3 = \frac{5}{54}
(u_0,\ldots, u_{n-1})
n_1 \sin(\theta_1) = n_2 \sin(\theta_2)
(u_i^n)
g={g_x}
150 - ((69 / 77) / 26) \neq -107
\frac{b}{\sqrt{1-e^2}}
t_0 = \frac{x_0}{c}
\cos(nx)
h_{10}(t) = t^3-2t^2+t
c^2 = a^2+b^2-2ab\cos\gamma
t_k=t_{k-1}+q
c=c+1
(m, n)
146 \pm 178 / ((170 \times 113) + 133)
10^{7}
\frac{t_{k+1}}{t_k}
z = x + \frac {1}{x}
u_{\beta} u^{\beta} = c^{2}
0 \pm 186 + 33 - 170 - 63
\frac { 1}{4} aa+bb
365+\frac{1}{4}-\frac{3}{400}=365,2425j
y+16
m_1-m
x = \frac{c}{d}
q^d-1
a^{2} -2ab + b^{2} = (a-b)^{2}=(b-a)^{2}
x(t), y(t)
85 - 187 + 67 - 45 - 80 \neq -14
x^3 - 18x - 35 = 0
f({x},{\theta}_k)
\frac{5}{n} = \frac{1}{a}+\frac{1}{b}+\frac{1}{c}
(n,e)
95 \pm 119 \times (187 \div (39 + 24))
5^{5^5}+2
\beta(u)
a = \alpha + i\beta
y(x+kp)=(x+kp)^2-n
z_1 = 1+\sqrt{2}
252 = 28 \times 9
2 \pm \sqrt{2}
g(v,v)=0
n+1
57 + 117 \geq 173
i\leq k-1
q_1+q_2+q_3=1
p(\theta) = (n+1) \sin\theta \cos^n\theta
((114 + 118) \times (114 \times 59)) + ((198 - 20) \times (56 / 168)) \neq -553173
k=2
(x_b, y_a)
\sum_{i=1}^{6}{i^2} = 1^2 + 2^2 + 3^2 + 4^2 + 5^2 + 6^2
dt_0 = \frac{ds}{c}
(90 / (42 \times 140)) + 80 \geq 79
y_2 + y_4 = - \sqrt{z_2}
y_1 + u
6^3+(-3)^3 = 4^3+5^3
g(gv,gw)=g(v,w)
((111 - 190) + (31 \times 122)) \div ((96 \times 143) + (37 + 145)) \neq 0
x^6-x^5-x^4+x^2-1
\frac{p_{m-1}}{q_{m-1}}
\cos^2\phi+\sin^2\phi = 1
(140 / 16) \times 92 \leq 805
\beta_n=\beta_0+\frac{2n\pi}{d}
\frac{a}{bc}
(158 \times 98) - 162 = 15322
\frac{f_1}{g_1}
\lim_{n \rightarrow + \infty}u_n = -\infty
\pi=\frac{2\pi}{2}
1 - \cos^{2}x = (1-\cos x)(1+\cos x)
168 \pm 19 + ((11 + 78) / (6 - 163))
c_i^0
m = -1
y = ax^2
0,1234 \times 10^{56}
54 - 127 \leq -72
x = 2 \times 70 + 3 \times 21 + 2 \times 15 = 233
w_{n+1}=xe^{-w_n}
a = \sqrt{b^2-c^2\sin^2\beta}+c\cos\beta
j^2 = +1
((169 \times 164) / 120) + (37 \times 103) \neq -3953
\sqrt{a^{2}}
\int{x^p(1-x)^q dx}
\sum_{i=1}^{36} i = 666
t_{0}=r_{0}-0
138 / ((129 \times 95) - 89) \neq 0
18-19
y_p=x_{n_p}
z_0 = \theta
(e_1, \ldots, e_n)
(-a)^n
\lim_{x \rightarrow a}f(x) = l
7 \times 5 = 7 + 7 + 7 + 7 + 7 = 35
wc = vb
((8 \div 130) \div (190 \times 12)) \times ((86 + 147) - (84 \div 0)) \neq 2147483647
e^{(k)}
\gamma = 1,4
X= x_0 + Y
d = 0,036 \sqrt{f}
(124 + 103) / ((189 / 78) - 125) \leq -1
x - y
o(1)
(x + 2)(ax^2 + bx + c) = ax^3 + (2a + b)x^2 + (2b+c)x + 2c = x^3 -5x - 2
u_n=u_{n_0}
72 \pm 78 - 187 + 0
-a - b\sqrt{2}
4pq^3
d-1
\frac{d^{2}r}{dt^{2}}=-\alpha\frac{r}{r^{3}}
((42 \times 193) \times (46 \times 197)) \times 31 \neq -1321701656
3-i \sqrt{\frac {7} {2}}
m_{ij} = 1
(y + z) \times x = (y \times x)+(z \times x)
154 \times 186 \leq 28644
x^{n-1}
w_1=1
a_i
\beta_{min}
168 \pm (171 - 6) \div (24 \div 174)
\frac{\pi^2}{3} s^2
r(u,v)
f(x) \leq 0
p^2+6p+5=0
26^{10}
tv = \sqrt{(90)^2 + (110,8)^2} = 142,7
\frac{n_{1}}{a_{1}}- \frac{n_{2}}{a_{2}}=\frac{n_{1}-n_{2}}{c}
(26 \times (109 + 4)) + (95 - 145 - 149) = 3037
n_1 = -n_2
a_n, b_n, c_n
5 = (\pm 2)^2 + (\pm 1)^2
(a_{i,j})
25 \times 100 \geq 2499
\frac{\cos x + i \sin x}{e^{ix}}=1
f(k_1)(h_2) = h_2
{\sqrt{2}-1}
(x_1, x_2, x_3, \ldots)+(y_1, y_2, y_3, \ldots) = (x_1+y_1, x_2+y_2, x_3+y_3, \ldots)
\frac{1}{r^n}
f(x,y) = a x^2 + 2c xy +b y^2 + 2dx +2ey +f = 0
\frac{x}{0}
n = \frac{c}{v_{\phi}}
((72 \div 58) - (26 \div 166)) \div 58 = 0.02
n(n^2 + 2)
2 \pi r h
n=\frac{f}{d}
p_{e}^{2} = (p_1-p_2)^2 + 2m_e c (p_1 - p_2)
189 \pm 66 + ((169 \div 49) - (17 \div 76))
X + \frac { 1}{5}X = 21
\alpha_{in}=x_{in}+ip_{in}
acx^{c-1}
c_i \neq c_j
(x+1)^2
q = k_i - k_d
b-(a-b)
p(t)
(4 \times 157) \times 65 \neq 24531
17-4^2+4^0
f_0-f_1+f_2
(1-j)m = c-ja
\pi+e
\pi_1(X,q)
16 = 2^4
j = -\frac{1}{2} + i \frac{\sqrt{3}}{2} = e^{i \frac{2\pi}{3}}
d_0 = x_0a + y_0b
(y,s-1)
X_{n+2}
f(1) = m_0
151 \times 148 \leq 22348
(y - 1)(4y^2 + 2y - 1)^2 = 0
\theta_x,\theta_y,\theta_z
a_0=a
19 \pm 128 / 132
z-1
j^ku
x -x = 0
{e^t}X_t
(139 + 33 - 176) / ((132 - 98) / (187 + 36)) \neq -4
2 + \sqrt{3}
n-2=3
(X,p)
129 + 136 = 265
f(x_1) \leq f(x_2)
\alpha=1
g(n,v)=0
\frac{7}{2}
\lim_{X \rightarrow +\infty} \frac{1- \cos(X)}{X}=0
10^{200}
\lim_{n\rightarrow+\infty}\frac{b-a}{n}f(x_0)=0
133 + ((184 + 67) \div 123) = 135.04
\frac {1 }{ 3}n(2n^2 + 1)
x_1^2 + \ldots + x_i^2 - x_{i+1}^2 - \ldots - x_j^2 = x_n
y_4 = \frac { 1}{2} (- \sqrt{z_1} - \sqrt{z_2} + \sqrt{z_3})
(p, p+2, p+6)
143 + (137 / (9 / 25)) \neq -320
f(c) = 0
g(w)= \sum_{n=1}^\infty g_n w^n
x^2 - 2x + 5
p=0,1
((145 / 135) + 172) \times 161 \leq 27865
f(x) = -4
u_2 = 1
b_n=1
(x, y, z)
2 + 111 + 40 - 185 + 47 \neq 12
\sqrt{ \frac{1 + \sin^2 \alpha}{2}} = \cos \alpha
141 - 57 \leq 84
\sum x_n
e^{\alpha t}\cos\beta t
141 - 57 \leq 84
2^3 + 2^2 + 2^0
\sqrt{a +b}
s(t)
x^{-1}=x^{d-1}
f(u)=k
s_0 = 2
\lim_{t \rightarrow t_0}\frac{y(t)}{x(t)} = \pm \infty
2\cos^2(\frac x2)
d_{2,-1}^{2} = - \frac{1 - \cos \theta}{2} \sin \theta
z^{k+1}
nY_2^{(n)}
103 \pm 144 + 113 + 27
2 \times 2-2 \times 1-2 \times 1=2 \times 1-1 \times 1-1 \times 1
h(f,\alpha)
a\sqrt{x} + bx + c
(x_{i} - f_{i})= \frac {f_{i} \times f_{o}}{(x_{o}-f_{o})}
160 / (150 \times 157) = 0.01
18 = 2^1 3^2
\lim_{a \rightarrow +\infty} \int_0^{a}\frac{\sin(x)}{x} dx
4X^3 - 7X^2 + 3X - 5 = (X-2)(4X^2 + X + 5) + 5
u(a)=u(b)=0
192 \pm 182 - 43
\cos^2 \theta_1
10^{-15}m
\sqrt{2}^{\sqrt{2}\times\sqrt{2}} = \sqrt{2}^2 =2
\beta = \frac{v}{c}= \frac{b}{a}
110 - 84 \neq 1
\alpha + 0 = \alpha
u = f(x)
\beta(z)
a^{op}b^{op}=ba
125 \div 176 = 0.71
\alpha(z)
f_1, \ldots, f_m
c_{12}
\frac{a}{p-a}
46 \pm 172 \div (36 \div (146 \div 149))
(2\sqrt{7} - 3\sqrt{3})x^3 + x^2 - (2\sqrt{7} - \sqrt{3})x + 1
e^{\alpha t}\sin \beta t
\beta_0=1
0\leq p \leq 1
136 \times (80 \times 23) \leq 250240
\frac{1}{2} (1 \pm i)
g_{uu}g_{vv}
\gamma^0=\beta
m_{0}(g_{\alpha}) = m_{0}(f)
((123 + 77) / 123) - ((172 \times 91) + (168 \times 62)) \neq 4960
d_n(x,y)
r_1 - r_2
g_i (x,y,z) = 0
131 + 179 \neq -134
\frac{\sqrt{5}-1}{4}
v_1, \ldots, v_n
f^{-1}
(x_1,\ldots,x_p)
160 \pm 110 \times 46
n = k^2
x_i\neq 0
\frac{du}{ds} = 0
186 / ((91 + 151) / (18 - 133)) = -88.39
c = 4
nY_1^{(n)}=k
y_i=0
151 \pm 58 - 162
f(x) = a^{b^x}
v_x(f)
f_1(z)=\frac{(1+i)z}{2}
p=2r+1
\frac{p}{q}
x_{n+1}
h_{ij}
